Jan 11 23:56:08 rui-VirtualBox rsyslogd: [origin software="rsyslogd" swVersion="8.16.0" x-pid="1375" x-info="http://www.rsyslog.com"] start
Jan 11 23:56:08 rui-VirtualBox rsyslogd-2222: command 'KLogPermitNonKernelFacility' is currently not permitted - did you already set it via a RainerScript command (v6+ config)? [v8.16.0 try http://www.rsyslog.com/e/2222 ]
Jan 11 23:56:08 rui-VirtualBox rsyslogd: rsyslogd's groupid changed to 108
Jan 11 23:56:08 rui-VirtualBox rsyslogd: rsyslogd's userid changed to 104
Jan 11 23:56:08 rui-VirtualBox systemd-modules-load[569]: Inserted module 'lp'
Jan 11 23:56:08 rui-VirtualBox systemd-modules-load[569]: Inserted module 'ppdev'
Jan 11 23:56:08 rui-VirtualBox systemd-modules-load[569]: Inserted module 'parport_pc'
Jan 11 23:56:08 rui-VirtualBox systemd[1]: Starting Apply Kernel Variables...
Jan 11 23:56:08 rui-VirtualBox systemd[1]: Mounting FUSE Control File System...
Jan 11 23:56:08 rui-VirtualBox systemd[1]: Starting Create Static Device Nodes in /dev...
Jan 11 23:56:08 rui-VirtualBox loadkeys[564]: Loading /etc/console-setup/cached.kmap.gz
Jan 11 23:56:08 rui-VirtualBox systemd[1]: Started Set console keymap.
Jan 11 23:56:08 rui-VirtualBox systemd[1]: Started Apply Kernel Variables.
Jan 11 23:56:08 rui-VirtualBox systemd[1]: Mounted FUSE Control File System.
Jan 11 23:56:08 rui-VirtualBox systemd[1]: Started Create Static Device Nodes in /dev.
Jan 11 23:56:08 rui-VirtualBox systemd[1]: Starting udev Kernel Device Manager...
Jan 11 23:56:08 rui-VirtualBox systemd[1]: Started udev Kernel Device Manager.
Jan 11 23:56:08 rui-VirtualBox systemd[1]: Starting Remount Root and Kernel File Systems...
Jan 11 23:56:08 rui-VirtualBox systemd[1]: Started Remount Root and Kernel File Systems.
Jan 11 23:56:08 rui-VirtualBox systemd[1]: Starting Load/Save Random Seed...
Jan 11 23:56:08 rui-VirtualBox systemd[1]: Starting Flush Journal to Persistent Storage...
Jan 11 23:56:08 rui-VirtualBox systemd[1]: Starting udev Coldplug all Devices...
Jan 11 23:56:08 rui-VirtualBox systemd[1]: Reached target Local File Systems (Pre).
Jan 11 23:56:08 rui-VirtualBox systemd[1]: Reached target Local File Systems.
Jan 11 23:56:08 rui-VirtualBox systemd[1]: Starting Commit a transient machine-id on disk...
Jan 11 23:56:08 rui-VirtualBox systemd[1]: Starting Set console font and keymap...
Jan 11 23:56:08 rui-VirtualBox systemd[1]: Starting Clean up any mess left by 0dns-up...
Jan 11 23:56:08 rui-VirtualBox systemd[1]: Starting Tell Plymouth To Write Out Runtime Data...
Jan 11 23:56:08 rui-VirtualBox systemd[1]: Starting LSB: AppArmor initialization...
Jan 11 23:56:08 rui-VirtualBox systemd[1]: Started Load/Save Random Seed.
Jan 11 23:56:08 rui-VirtualBox systemd[1]: Started Commit a transient machine-id on disk.
Jan 11 23:56:08 rui-VirtualBox systemd[1]: Started Tell Plymouth To Write Out Runtime Data.
Jan 11 23:56:08 rui-VirtualBox systemd[1]: Started Clean up any mess left by 0dns-up.
Jan 11 23:56:08 rui-VirtualBox systemd[1]: Started Flush Journal to Persistent Storage.
Jan 11 23:56:08 rui-VirtualBox systemd[1]: Started udev Coldplug all Devices.
Jan 11 23:56:08 rui-VirtualBox systemd[1]: Starting Show Plymouth Boot Screen...
Jan 11 23:56:08 rui-VirtualBox apparmor[642]:  * Starting AppArmor profiles
Jan 11 23:56:08 rui-VirtualBox systemd[1]: Starting Create Volatile Files and Directories...
Jan 11 23:56:08 rui-VirtualBox systemd-tmpfiles[742]: [/usr/lib/tmpfiles.d/var.conf:14] Duplicate line for path "/var/log", ignoring.
Jan 11 23:56:08 rui-VirtualBox systemd[1]: Starting Nameserver information manager...
Jan 11 23:56:08 rui-VirtualBox systemd[1]: Started Create Volatile Files and Directories.
Jan 11 23:56:08 rui-VirtualBox systemd[1]: Started Nameserver information manager.
Jan 11 23:56:08 rui-VirtualBox systemd[1]: Started Show Plymouth Boot Screen.
Jan 11 23:56:08 rui-VirtualBox systemd[1]: Started Forward Password Requests to Plymouth Directory Watch.
Jan 11 23:56:08 rui-VirtualBox systemd[1]: Starting Update UTMP about System Boot/Shutdown...
Jan 11 23:56:08 rui-VirtualBox apparmor[642]: Skipping profile in /etc/apparmor.d/disable: usr.bin.firefox
Jan 11 23:56:08 rui-VirtualBox systemd[1]: Starting Network Time Synchronization...
Jan 11 23:56:08 rui-VirtualBox systemd[1]: Started Network Time Synchronization.
Jan 11 23:56:08 rui-VirtualBox apparmor[642]: Skipping profile in /etc/apparmor.d/disable: usr.sbin.rsyslogd
Jan 11 23:56:08 rui-VirtualBox systemd[1]: Started Update UTMP about System Boot/Shutdown.
Jan 11 23:56:08 rui-VirtualBox apparmor[642]:    ...done.
Jan 11 23:56:08 rui-VirtualBox systemd[1]: Started LSB: AppArmor initialization.
Jan 11 23:56:08 rui-VirtualBox systemd[1]: Starting Raise network interfaces...
Jan 11 23:56:08 rui-VirtualBox systemd[1]: Reached target System Time Synchronized.
Jan 11 23:56:08 rui-VirtualBox systemd[1]: Started Raise network interfaces.
Jan 11 23:56:08 rui-VirtualBox systemd[1]: Started Set console font and keymap.
Jan 11 23:56:08 rui-VirtualBox systemd[1]: Created slice system-getty.slice.
Jan 11 23:56:08 rui-VirtualBox mtp-probe: checking bus 2, device 2: "/sys/devices/pci0000:00/0000:00:06.0/usb2/2-1"
Jan 11 23:56:08 rui-VirtualBox mtp-probe: bus: 2, device: 2 was not an MTP device
Jan 11 23:56:08 rui-VirtualBox systemd-udevd[600]: Process '/lib/udev/hdparm' failed with exit code 5.
Jan 11 23:56:08 rui-VirtualBox systemd[1]: Found device VBOX_HARDDISK 5.
Jan 11 23:56:08 rui-VirtualBox systemd[1]: Activating swap /dev/disk/by-uuid/ce615014-0103-44e3-a96c-7a30c387c914...
Jan 11 23:56:08 rui-VirtualBox systemd[1]: Activated swap /dev/disk/by-uuid/ce615014-0103-44e3-a96c-7a30c387c914.
Jan 11 23:56:08 rui-VirtualBox systemd[1]: Reached target Swap.
Jan 11 23:56:08 rui-VirtualBox systemd[1]: Reached target System Initialization.
Jan 11 23:56:08 rui-VirtualBox systemd[1]: Listening on CUPS Scheduler.
Jan 11 23:56:08 rui-VirtualBox systemd[1]: Started CUPS Scheduler.
Jan 11 23:56:08 rui-VirtualBox systemd[1]: Starting Socket activation for snappy daemon.
Jan 11 23:56:08 rui-VirtualBox systemd[1]: Listening on Avahi mDNS/DNS-SD Stack Activation Socket.
Jan 11 23:56:08 rui-VirtualBox systemd[1]: Started Trigger resolvconf update for networkd DNS.
Jan 11 23:56:08 rui-VirtualBox systemd[1]: Listening on ACPID Listen Socket.
Jan 11 23:56:08 rui-VirtualBox systemd[1]: Started ACPI Events Check.
Jan 11 23:56:08 rui-VirtualBox systemd[1]: Reached target Paths.
Jan 11 23:56:08 rui-VirtualBox systemd[1]: apt-daily.timer: Adding 11h 16min 22.244299s random time.
Jan 11 23:56:08 rui-VirtualBox rsyslogd-2039: Could not open output pipe '/dev/xconsole':: No such file or directory [v8.16.0 try http://www.rsyslog.com/e/2039 ]
Jan 11 23:56:08 rui-VirtualBox rsyslogd-2007: action 'action 10' suspended, next retry is Fri Jan 11 23:56:38 2019 [v8.16.0 try http://www.rsyslog.com/e/2007 ]
Jan 11 23:56:08 rui-VirtualBox systemd[1]: Started Daily apt activities.
Jan 11 23:56:08 rui-VirtualBox systemd[1]: Started Daily Cleanup of Temporary Directories.
Jan 11 23:56:08 rui-VirtualBox systemd[1]: Listening on D-Bus System Message Bus Socket.
Jan 11 23:56:08 rui-VirtualBox systemd[1]: snapd.refresh.timer: Adding 5h 30min 52.824742s random time.
Jan 11 23:56:08 rui-VirtualBox systemd[1]: Started Timer to automatically refresh installed snaps.
Jan 11 23:56:08 rui-VirtualBox systemd[1]: Reached target Timers.
Jan 11 23:56:08 rui-VirtualBox systemd[1]: Listening on UUID daemon activation socket.
Jan 11 23:56:08 rui-VirtualBox systemd[1]: Listening on Socket activation for snappy daemon.
Jan 11 23:56:08 rui-VirtualBox systemd[1]: Reached target Sockets.
Jan 11 23:56:08 rui-VirtualBox systemd[1]: Reached target Basic System.
Jan 11 23:56:08 rui-VirtualBox systemd[1]: Starting Accounts Service...
Jan 11 23:56:08 rui-VirtualBox systemd[1]: Starting System Logging Service...
Jan 11 23:56:08 rui-VirtualBox systemd[1]: Started crash report submission daemon.
Jan 11 23:56:08 rui-VirtualBox systemd[1]: Starting LSB: automatic crash report generation...
Jan 11 23:56:08 rui-VirtualBox systemd[1]: Starting LSB: daemon to balance interrupts for SMP systems...
Jan 11 23:56:08 rui-VirtualBox systemd[1]: Starting Modem Manager...
Jan 11 23:56:08 rui-VirtualBox systemd[1]: Starting LSB: Speech Dispatcher...
Jan 11 23:56:08 rui-VirtualBox ModemManager[1385]: <info>  ModemManager (version 1.4.12) starting in system bus...
Jan 11 23:56:08 rui-VirtualBox systemd[1]: Starting Login Service...
Jan 11 23:56:08 rui-VirtualBox kernel: [    0.000000] Initializing cgroup subsys cpuset
Jan 11 23:56:08 rui-VirtualBox kernel: [    0.000000] Initializing cgroup subsys cpu
Jan 11 23:56:08 rui-VirtualBox kernel: [    0.000000] Initializing cgroup subsys cpuacct
Jan 11 23:56:08 rui-VirtualBox kernel: [    0.000000] Linux version 4.4.0-31-generic (buildd@lgw01-58) (gcc version 5.3.1 20160413 (Ubuntu 5.3.1-14ubuntu2.1) ) #50-Ubuntu SMP Wed Jul 13 00:06:14 UTC 2016 (Ubuntu 4.4.0-31.50-generic 4.4.13)
Jan 11 23:56:08 rui-VirtualBox kernel: [    0.000000] KERNEL supported cpus:
Jan 11 23:56:08 rui-VirtualBox kernel: [    0.000000]   Intel GenuineIntel
Jan 11 23:56:08 rui-VirtualBox kernel: [    0.000000]   AMD AuthenticAMD
Jan 11 23:56:08 rui-VirtualBox kernel: [    0.000000]   NSC Geode by NSC
Jan 11 23:56:08 rui-VirtualBox kernel: [    0.000000]   Cyrix CyrixInstead
Jan 11 23:56:08 rui-VirtualBox kernel: [    0.000000]   Centaur CentaurHauls
Jan 11 23:56:08 rui-VirtualBox kernel: [    0.000000]   Transmeta GenuineTMx86
Jan 11 23:56:08 rui-VirtualBox kernel: [    0.000000]   Transmeta TransmetaCPU
Jan 11 23:56:08 rui-VirtualBox kernel: [    0.000000]   UMC UMC UMC UMC
Jan 11 23:56:08 rui-VirtualBox kernel: [    0.000000] x86/fpu: xstate_offset[2]:  576, xstate_sizes[2]:  256
Jan 11 23:56:08 rui-VirtualBox kernel: [    0.000000] x86/fpu: Supporting XSAVE feature 0x01: 'x87 floating point registers'
Jan 11 23:56:08 rui-VirtualBox kernel: [    0.000000] x86/fpu: Supporting XSAVE feature 0x02: 'SSE registers'
Jan 11 23:56:08 rui-VirtualBox kernel: [    0.000000] x86/fpu: Supporting XSAVE feature 0x04: 'AVX registers'
Jan 11 23:56:08 rui-VirtualBox kernel: [    0.000000] x86/fpu: Enabled xstate features 0x7, context size is 832 bytes, using 'standard' format.
Jan 11 23:56:08 rui-VirtualBox kernel: [    0.000000] x86/fpu: Using 'lazy' FPU context switches.
Jan 11 23:56:08 rui-VirtualBox kernel: [    0.000000] e820: BIOS-provided physical RAM map:
Jan 11 23:56:08 rui-VirtualBox kernel: [    0.000000] BIOS-e820: [mem 0x0000000000000000-0x000000000009fbff] usable
Jan 11 23:56:08 rui-VirtualBox kernel: [    0.000000] BIOS-e820: [mem 0x000000000009fc00-0x000000000009ffff] reserved
Jan 11 23:56:08 rui-VirtualBox kernel: [    0.000000] BIOS-e820: [mem 0x00000000000f0000-0x00000000000fffff] reserved
Jan 11 23:56:08 rui-VirtualBox kernel: [    0.000000] BIOS-e820: [mem 0x0000000000100000-0x000000003ffeffff] usable
Jan 11 23:56:08 rui-VirtualBox kernel: [    0.000000] BIOS-e820: [mem 0x000000003fff0000-0x000000003fffffff] ACPI data
Jan 11 23:56:08 rui-VirtualBox kernel: [    0.000000] BIOS-e820: [mem 0x00000000fec00000-0x00000000fec00fff] reserved
Jan 11 23:56:08 rui-VirtualBox kernel: [    0.000000] BIOS-e820: [mem 0x00000000fee00000-0x00000000fee00fff] reserved
Jan 11 23:56:08 rui-VirtualBox kernel: [    0.000000] BIOS-e820: [mem 0x00000000fffc0000-0x00000000ffffffff] reserved
Jan 11 23:56:08 rui-VirtualBox kernel: [    0.000000] NX (Execute Disable) protection: active
Jan 11 23:56:08 rui-VirtualBox kernel: [    0.000000] SMBIOS 2.5 present.
Jan 11 23:56:08 rui-VirtualBox kernel: [    0.000000] DMI: innotek GmbH VirtualBox/VirtualBox, BIOS VirtualBox 12/01/2006
Jan 11 23:56:08 rui-VirtualBox kernel: [    0.000000] Hypervisor detected: KVM
Jan 11 23:56:08 rui-VirtualBox kernel: [    0.000000] e820: update [mem 0x00000000-0x00000fff] usable ==> reserved
Jan 11 23:56:08 rui-VirtualBox kernel: [    0.000000] e820: remove [mem 0x000a0000-0x000fffff] usable
Jan 11 23:56:08 rui-VirtualBox kernel: [    0.000000] e820: last_pfn = 0x3fff0 max_arch_pfn = 0x1000000
Jan 11 23:56:08 rui-VirtualBox kernel: [    0.000000] MTRR default type: uncachable
Jan 11 23:56:08 rui-VirtualBox kernel: [    0.000000] MTRR variable ranges disabled:
Jan 11 23:56:08 rui-VirtualBox kernel: [    0.000000] x86/PAT: Configuration [0-7]: WB  WC  UC- UC  WB  WC  UC- WT  
Jan 11 23:56:08 rui-VirtualBox kernel: [    0.000000] MTRR: Disabled
Jan 11 23:56:08 rui-VirtualBox kernel: [    0.000000] CPU MTRRs all blank - virtualized system.
Jan 11 23:56:08 rui-VirtualBox kernel: [    0.000000] Scanning 1 areas for low memory corruption
Jan 11 23:56:08 rui-VirtualBox kernel: [    0.000000] initial memory mapped: [mem 0x00000000-0x021fffff]
Jan 11 23:56:08 rui-VirtualBox kernel: [    0.000000] Base memory trampoline at [c009b000] 9b000 size 16384
Jan 11 23:56:08 rui-VirtualBox kernel: [    0.000000] BRK [0x01d54000, 0x01d54fff] PGTABLE
Jan 11 23:56:08 rui-VirtualBox kernel: [    0.000000] BRK [0x01d55000, 0x01d55fff] PGTABLE
Jan 11 23:56:08 rui-VirtualBox kernel: [    0.000000] RAMDISK: [mem 0x33ce0000-0x35e67fff]
Jan 11 23:56:08 rui-VirtualBox kernel: [    0.000000] ACPI: Early table checksum verification disabled
Jan 11 23:56:08 rui-VirtualBox kernel: [    0.000000] ACPI: RSDP 0x00000000000E0000 000024 (v02 VBOX  )
Jan 11 23:56:08 rui-VirtualBox kernel: [    0.000000] ACPI: XSDT 0x000000003FFF0030 000034 (v01 VBOX   VBOXXSDT 00000001 ASL  00000061)
Jan 11 23:56:08 rui-VirtualBox kernel: [    0.000000] ACPI: FACP 0x000000003FFF00F0 0000F4 (v04 VBOX   VBOXFACP 00000001 ASL  00000061)
Jan 11 23:56:08 rui-VirtualBox kernel: [    0.000000] ACPI: DSDT 0x000000003FFF0410 0021FF (v02 VBOX   VBOXBIOS 00000002 INTL 20100528)
Jan 11 23:56:08 rui-VirtualBox kernel: [    0.000000] ACPI: FACS 0x000000003FFF0200 000040
Jan 11 23:56:08 rui-VirtualBox kernel: [    0.000000] ACPI: FACS 0x000000003FFF0200 000040
Jan 11 23:56:08 rui-VirtualBox kernel: [    0.000000] ACPI: SSDT 0x000000003FFF0240 0001CC (v01 VBOX   VBOXCPUT 00000002 INTL 20100528)
Jan 11 23:56:08 rui-VirtualBox kernel: [    0.000000] 131MB HIGHMEM available.
Jan 11 23:56:08 rui-VirtualBox kernel: [    0.000000] 891MB LOWMEM available.
Jan 11 23:56:08 rui-VirtualBox kernel: [    0.000000]   mapped low ram: 0 - 37bfe000
Jan 11 23:56:08 rui-VirtualBox kernel: [    0.000000]   low ram: 0 - 37bfe000
Jan 11 23:56:08 rui-VirtualBox kernel: [    0.000000] kvm-clock: Using msrs 4b564d01 and 4b564d00
Jan 11 23:56:08 rui-VirtualBox kernel: [    0.000000] kvm-clock: cpu 0, msr 0:37bfd001, primary cpu clock
Jan 11 23:56:08 rui-VirtualBox kernel: [    0.000000] kvm-clock: using sched offset of 1193656500291 cycles
Jan 11 23:56:08 rui-VirtualBox kernel: [    0.000000] clocksource: kvm-clock: mask: 0xffffffffffffffff max_cycles: 0x1cd42e4dffb, max_idle_ns: 881590591483 ns
Jan 11 23:56:08 rui-VirtualBox kernel: [    0.000000] Zone ranges:
Jan 11 23:56:08 rui-VirtualBox kernel: [    0.000000]   DMA      [mem 0x0000000000001000-0x0000000000ffffff]
Jan 11 23:56:08 rui-VirtualBox kernel: [    0.000000]   Normal   [mem 0x0000000001000000-0x0000000037bfdfff]
Jan 11 23:56:08 rui-VirtualBox kernel: [    0.000000]   HighMem  [mem 0x0000000037bfe000-0x000000003ffeffff]
Jan 11 23:56:08 rui-VirtualBox kernel: [    0.000000] Movable zone start for each node
Jan 11 23:56:08 rui-VirtualBox kernel: [    0.000000] Early memory node ranges
Jan 11 23:56:08 rui-VirtualBox kernel: [    0.000000]   node   0: [mem 0x0000000000001000-0x000000000009efff]
Jan 11 23:56:08 rui-VirtualBox kernel: [    0.000000]   node   0: [mem 0x0000000000100000-0x000000003ffeffff]
Jan 11 23:56:08 rui-VirtualBox kernel: [    0.000000] Initmem setup node 0 [mem 0x0000000000001000-0x000000003ffeffff]
Jan 11 23:56:08 rui-VirtualBox kernel: [    0.000000] On node 0 totalpages: 262030
Jan 11 23:56:08 rui-VirtualBox kernel: [    0.000000]   DMA zone: 40 pages used for memmap
Jan 11 23:56:08 rui-VirtualBox kernel: [    0.000000]   DMA zone: 0 pages reserved
Jan 11 23:56:08 rui-VirtualBox kernel: [    0.000000]   DMA zone: 3998 pages, LIFO batch:0
Jan 11 23:56:08 rui-VirtualBox kernel: [    0.000000]   Normal zone: 2190 pages used for memmap
Jan 11 23:56:08 rui-VirtualBox kernel: [    0.000000]   Normal zone: 224254 pages, LIFO batch:31
Jan 11 23:56:08 rui-VirtualBox kernel: [    0.000000]   HighMem zone: 33778 pages, LIFO batch:7
Jan 11 23:56:08 rui-VirtualBox kernel: [    0.000000] Using APIC driver default
Jan 11 23:56:08 rui-VirtualBox kernel: [    0.000000] ACPI: PM-Timer IO Port: 0x4008
Jan 11 23:56:08 rui-VirtualBox kernel: [    0.000000] smpboot: Allowing 1 CPUs, 0 hotplug CPUs
Jan 11 23:56:08 rui-VirtualBox kernel: [    0.000000] Found and enabled local APIC!
Jan 11 23:56:08 rui-VirtualBox kernel: [    0.000000] PM: Registered nosave memory: [mem 0x00000000-0x00000fff]
Jan 11 23:56:08 rui-VirtualBox kernel: [    0.000000] PM: Registered nosave memory: [mem 0x0009f000-0x0009ffff]
Jan 11 23:56:08 rui-VirtualBox kernel: [    0.000000] PM: Registered nosave memory: [mem 0x000a0000-0x000effff]
Jan 11 23:56:08 rui-VirtualBox kernel: [    0.000000] PM: Registered nosave memory: [mem 0x000f0000-0x000fffff]
Jan 11 23:56:08 rui-VirtualBox kernel: [    0.000000] e820: [mem 0x40000000-0xfebfffff] available for PCI devices
Jan 11 23:56:08 rui-VirtualBox kernel: [    0.000000] Booting paravirtualized kernel on KVM
Jan 11 23:56:08 rui-VirtualBox kernel: [    0.000000] clocksource: refined-jiffies: mask: 0xffffffff max_cycles: 0xffffffff, max_idle_ns: 7645519600211568 ns
Jan 11 23:56:08 rui-VirtualBox kernel: [    0.000000] setup_percpu: NR_CPUS:8 nr_cpumask_bits:8 nr_cpu_ids:1 nr_node_ids:1
Jan 11 23:56:08 rui-VirtualBox kernel: [    0.000000] PERCPU: Embedded 19 pages/cpu @f71c3000 s47436 r0 d30388 u77824
Jan 11 23:56:08 rui-VirtualBox kernel: [    0.000000] pcpu-alloc: s47436 r0 d30388 u77824 alloc=19*4096
Jan 11 23:56:08 rui-VirtualBox kernel: [    0.000000] pcpu-alloc: [0] 0 
Jan 11 23:56:08 rui-VirtualBox kernel: [    0.000000] PV qspinlock hash table entries: 512 (order: 0, 4096 bytes)
Jan 11 23:56:08 rui-VirtualBox kernel: [    0.000000] Built 1 zonelists in Zone order, mobility grouping on.  Total pages: 259800
Jan 11 23:56:08 rui-VirtualBox kernel: [    0.000000] Kernel command line: BOOT_IMAGE=/boot/vmlinuz-4.4.0-31-generic root=UUID=dc42e4e9-b040-4d2b-b1a6-63eaa79b4aed ro quiet splash
Jan 11 23:56:08 rui-VirtualBox kernel: [    0.000000] PID hash table entries: 4096 (order: 2, 16384 bytes)
Jan 11 23:56:08 rui-VirtualBox kernel: [    0.000000] Dentry cache hash table entries: 131072 (order: 7, 524288 bytes)
Jan 11 23:56:08 rui-VirtualBox kernel: [    0.000000] Inode-cache hash table entries: 65536 (order: 6, 262144 bytes)
Jan 11 23:56:08 rui-VirtualBox kernel: [    0.000000] Initializing CPU#0
Jan 11 23:56:08 rui-VirtualBox kernel: [    0.000000] Initializing HighMem for node 0 (00037bfe:0003fff0)
Jan 11 23:56:08 rui-VirtualBox kernel: [    0.000000] Initializing Movable for node 0 (00000000:00000000)
Jan 11 23:56:08 rui-VirtualBox kernel: [    0.000000] Memory: 988776K/1048120K available (7887K kernel code, 767K rwdata, 3132K rodata, 948K init, 800K bss, 59344K reserved, 0K cma-reserved, 135112K highmem)
Jan 11 23:56:08 rui-VirtualBox kernel: [    0.000000] virtual kernel memory layout:
Jan 11 23:56:08 rui-VirtualBox kernel: [    0.000000]     fixmap  : 0xfff15000 - 0xfffff000   ( 936 kB)
Jan 11 23:56:08 rui-VirtualBox kernel: [    0.000000]     pkmap   : 0xffc00000 - 0xffe00000   (2048 kB)
Jan 11 23:56:08 rui-VirtualBox kernel: [    0.000000]     vmalloc : 0xf83fe000 - 0xffbfe000   ( 120 MB)
Jan 11 23:56:08 rui-VirtualBox kernel: [    0.000000]     lowmem  : 0xc0000000 - 0xf7bfe000   ( 891 MB)
Jan 11 23:56:08 rui-VirtualBox kernel: [    0.000000]       .init : 0xc1b86000 - 0xc1c73000   ( 948 kB)
Jan 11 23:56:08 rui-VirtualBox kernel: [    0.000000]       .data : 0xc17b41d3 - 0xc1b84d00   (3906 kB)
Jan 11 23:56:08 rui-VirtualBox kernel: [    0.000000]       .text : 0xc1000000 - 0xc17b41d3   (7888 kB)
Jan 11 23:56:08 rui-VirtualBox kernel: [    0.000000] Checking if this processor honours the WP bit even in supervisor mode...Ok.
Jan 11 23:56:08 rui-VirtualBox kernel: [    0.000000] SLUB: HWalign=64, Order=0-3, MinObjects=0, CPUs=1, Nodes=1
Jan 11 23:56:08 rui-VirtualBox kernel: [    0.000000] Hierarchical RCU implementation.
Jan 11 23:56:08 rui-VirtualBox kernel: [    0.000000] 	Build-time adjustment of leaf fanout to 32.
Jan 11 23:56:08 rui-VirtualBox kernel: [    0.000000] 	RCU restricting CPUs from NR_CPUS=8 to nr_cpu_ids=1.
Jan 11 23:56:08 rui-VirtualBox kernel: [    0.000000] RCU: Adjusting geometry for rcu_fanout_leaf=32, nr_cpu_ids=1
Jan 11 23:56:08 rui-VirtualBox kernel: [    0.000000] NR_IRQS:2304 nr_irqs:32 16
Jan 11 23:56:08 rui-VirtualBox kernel: [    0.000000] CPU 0 irqstacks, hard=f6c34000 soft=f6c36000
Jan 11 23:56:08 rui-VirtualBox kernel: [    0.000000] Console: colour VGA+ 80x25
Jan 11 23:56:08 rui-VirtualBox kernel: [    0.000000] console [tty0] enabled
Jan 11 23:56:08 rui-VirtualBox kernel: [    0.000000] allocated 1048576 bytes of page_ext
Jan 11 23:56:08 rui-VirtualBox kernel: [    0.000000] tsc: Detected 2495.996 MHz processor
Jan 11 23:56:08 rui-VirtualBox kernel: [    0.040881] Calibrating delay loop (skipped) preset value.. 4991.99 BogoMIPS (lpj=9983984)
Jan 11 23:56:08 rui-VirtualBox kernel: [    0.040885] pid_max: default: 32768 minimum: 301
Jan 11 23:56:08 rui-VirtualBox kernel: [    0.040895] ACPI: Core revision 20150930
Jan 11 23:56:08 rui-VirtualBox kernel: [    0.042772] ACPI: 2 ACPI AML tables successfully acquired and loaded
Jan 11 23:56:08 rui-VirtualBox kernel: [    0.042781] ACPI: setting ELCR to 0200 (from 0e00)
Jan 11 23:56:08 rui-VirtualBox kernel: [    0.042798] Security Framework initialized
Jan 11 23:56:08 rui-VirtualBox kernel: [    0.042800] Yama: becoming mindful.
Jan 11 23:56:08 rui-VirtualBox kernel: [    0.042811] AppArmor: AppArmor initialized
Jan 11 23:56:08 rui-VirtualBox kernel: [    0.042840] Mount-cache hash table entries: 2048 (order: 1, 8192 bytes)
Jan 11 23:56:08 rui-VirtualBox kernel: [    0.042843] Mountpoint-cache hash table entries: 2048 (order: 1, 8192 bytes)
Jan 11 23:56:08 rui-VirtualBox kernel: [    0.042980] Initializing cgroup subsys io
Jan 11 23:56:08 rui-VirtualBox kernel: [    0.042983] Initializing cgroup subsys memory
Jan 11 23:56:08 rui-VirtualBox kernel: [    0.042987] Initializing cgroup subsys devices
Jan 11 23:56:08 rui-VirtualBox kernel: [    0.042990] Initializing cgroup subsys freezer
Jan 11 23:56:08 rui-VirtualBox kernel: [    0.042992] Initializing cgroup subsys net_cls
Jan 11 23:56:08 rui-VirtualBox kernel: [    0.042995] Initializing cgroup subsys perf_event
Jan 11 23:56:08 rui-VirtualBox kernel: [    0.042997] Initializing cgroup subsys net_prio
Jan 11 23:56:08 rui-VirtualBox kernel: [    0.042999] Initializing cgroup subsys hugetlb
Jan 11 23:56:08 rui-VirtualBox kernel: [    0.043001] Initializing cgroup subsys pids
Jan 11 23:56:08 rui-VirtualBox kernel: [    0.043085] CPU: Physical Processor ID: 0
Jan 11 23:56:08 rui-VirtualBox kernel: [    0.045447] mce: CPU supports 0 MCE banks
Jan 11 23:56:08 rui-VirtualBox kernel: [    0.045467] process: using mwait in idle threads
Jan 11 23:56:08 rui-VirtualBox kernel: [    0.045477] Last level iTLB entries: 4KB 128, 2MB 8, 4MB 8
Jan 11 23:56:08 rui-VirtualBox kernel: [    0.045478] Last level dTLB entries: 4KB 64, 2MB 0, 4MB 0, 1GB 4
Jan 11 23:56:08 rui-VirtualBox kernel: [    0.069746] Freeing SMP alternatives memory: 28K (c1c73000 - c1c7a000)
Jan 11 23:56:08 rui-VirtualBox kernel: [    0.079139] ftrace: allocating 31282 entries in 62 pages
Jan 11 23:56:08 rui-VirtualBox kernel: [    0.146558] smpboot: Max logical packages: 1
Jan 11 23:56:08 rui-VirtualBox kernel: [    0.146583] smpboot: weird, boot CPU (#0) not listed by the BIOS
Jan 11 23:56:08 rui-VirtualBox kernel: [    0.146589] smpboot: SMP motherboard not detected
Jan 11 23:56:08 rui-VirtualBox kernel: [    0.146590] smpboot: SMP disabled
Jan 11 23:56:08 rui-VirtualBox kernel: [    0.146592] Enabling APIC mode:  Flat.  Using 0 I/O APICs
Jan 11 23:56:08 rui-VirtualBox kernel: [    0.252938] Performance Events: unsupported p6 CPU model 158 no PMU driver, software events only.
Jan 11 23:56:08 rui-VirtualBox kernel: [    0.252974] KVM setup paravirtual spinlock
Jan 11 23:56:08 rui-VirtualBox kernel: [    0.253908] x86: Booted up 1 node, 1 CPUs
Jan 11 23:56:08 rui-VirtualBox kernel: [    0.253911] smpboot: Total of 1 processors activated (4991.99 BogoMIPS)
Jan 11 23:56:08 rui-VirtualBox kernel: [    0.254017] devtmpfs: initialized
Jan 11 23:56:08 rui-VirtualBox kernel: [    0.254241] evm: security.selinux
Jan 11 23:56:08 rui-VirtualBox kernel: [    0.254242] evm: security.SMACK64
Jan 11 23:56:08 rui-VirtualBox kernel: [    0.254243] evm: security.SMACK64EXEC
Jan 11 23:56:08 rui-VirtualBox kernel: [    0.254244] evm: security.SMACK64TRANSMUTE
Jan 11 23:56:08 rui-VirtualBox kernel: [    0.254245] evm: security.SMACK64MMAP
Jan 11 23:56:08 rui-VirtualBox kernel: [    0.254246] evm: security.ima
Jan 11 23:56:08 rui-VirtualBox kernel: [    0.254247] evm: security.capability
Jan 11 23:56:08 rui-VirtualBox kernel: [    0.254384] clocksource: jiffies: mask: 0xffffffff max_cycles: 0xffffffff, max_idle_ns: 7645041785100000 ns
Jan 11 23:56:08 rui-VirtualBox kernel: [    0.254456] pinctrl core: initialized pinctrl subsystem
Jan 11 23:56:08 rui-VirtualBox kernel: [    0.254569] RTC time:  4:56:01, date: 01/12/19
Jan 11 23:56:08 rui-VirtualBox kernel: [    0.254671] NET: Registered protocol family 16
Jan 11 23:56:08 rui-VirtualBox kernel: [    0.254811] EISA bus registered
Jan 11 23:56:08 rui-VirtualBox kernel: [    0.254814] cpuidle: using governor ladder
Jan 11 23:56:08 rui-VirtualBox kernel: [    0.254816] cpuidle: using governor menu
Jan 11 23:56:08 rui-VirtualBox kernel: [    0.254819] PCCT header not found.
Jan 11 23:56:08 rui-VirtualBox kernel: [    0.254893] ACPI: bus type PCI registered
Jan 11 23:56:08 rui-VirtualBox kernel: [    0.254895] acpiphp: ACPI Hot Plug PCI Controller Driver version: 0.5
Jan 11 23:56:08 rui-VirtualBox kernel: [    0.255042] PCI : PCI BIOS area is rw and x. Use pci=nobios if you want it NX.
Jan 11 23:56:08 rui-VirtualBox kernel: [    0.255045] PCI: PCI BIOS revision 2.10 entry at 0xfda26, last bus=0
Jan 11 23:56:08 rui-VirtualBox kernel: [    0.255046] PCI: Using configuration type 1 for base access
Jan 11 23:56:08 rui-VirtualBox kernel: [    0.256751] ACPI: Added _OSI(Module Device)
Jan 11 23:56:08 rui-VirtualBox kernel: [    0.256753] ACPI: Added _OSI(Processor Device)
Jan 11 23:56:08 rui-VirtualBox kernel: [    0.256754] ACPI: Added _OSI(3.0 _SCP Extensions)
Jan 11 23:56:08 rui-VirtualBox kernel: [    0.256755] ACPI: Added _OSI(Processor Aggregator Device)
Jan 11 23:56:08 rui-VirtualBox kernel: [    0.257603] ACPI: Executed 1 blocks of module-level executable AML code
Jan 11 23:56:08 rui-VirtualBox kernel: [    0.260467] ACPI: Interpreter enabled
Jan 11 23:56:08 rui-VirtualBox kernel: [    0.260479] ACPI Exception: AE_NOT_FOUND, While evaluating Sleep State [\_S1_] (20150930/hwxface-580)
Jan 11 23:56:08 rui-VirtualBox kernel: [    0.260482] ACPI Exception: AE_NOT_FOUND, While evaluating Sleep State [\_S2_] (20150930/hwxface-580)
Jan 11 23:56:08 rui-VirtualBox kernel: [    0.260485] ACPI Exception: AE_NOT_FOUND, While evaluating Sleep State [\_S3_] (20150930/hwxface-580)
Jan 11 23:56:08 rui-VirtualBox kernel: [    0.260488] ACPI Exception: AE_NOT_FOUND, While evaluating Sleep State [\_S4_] (20150930/hwxface-580)
Jan 11 23:56:08 rui-VirtualBox kernel: [    0.260493] ACPI: (supports S0 S5)
Jan 11 23:56:08 rui-VirtualBox kernel: [    0.260496] ACPI: Using PIC for interrupt routing
Jan 11 23:56:08 rui-VirtualBox kernel: [    0.260659] PCI: Using host bridge windows from ACPI; if necessary, use "pci=nocrs" and report a bug
Jan 11 23:56:08 rui-VirtualBox kernel: [    0.264485] ACPI: PCI Root Bridge [PCI0] (domain 0000 [bus 00-ff])
Jan 11 23:56:08 rui-VirtualBox kernel: [    0.264490] acpi PNP0A03:00: _OSC: OS supports [ASPM ClockPM Segments MSI]
Jan 11 23:56:08 rui-VirtualBox kernel: [    0.264506] acpi PNP0A03:00: _OSC: not requesting OS control; OS requires [ExtendedConfig ASPM ClockPM MSI]
Jan 11 23:56:08 rui-VirtualBox kernel: [    0.264509] acpi PNP0A03:00: fail to add MMCONFIG information, can't access extended PCI configuration space under this bridge.
Jan 11 23:56:08 rui-VirtualBox kernel: [    0.264774] PCI host bridge to bus 0000:00
Jan 11 23:56:08 rui-VirtualBox kernel: [    0.264777] pci_bus 0000:00: root bus resource [io  0x0000-0x0cf7 window]
Jan 11 23:56:08 rui-VirtualBox kernel: [    0.264779] pci_bus 0000:00: root bus resource [io  0x0d00-0xffff window]
Jan 11 23:56:08 rui-VirtualBox kernel: [    0.264781] pci_bus 0000:00: root bus resource [mem 0x000a0000-0x000bffff window]
Jan 11 23:56:08 rui-VirtualBox kernel: [    0.264783] pci_bus 0000:00: root bus resource [mem 0x40000000-0xfdffffff window]
Jan 11 23:56:08 rui-VirtualBox kernel: [    0.264785] pci_bus 0000:00: root bus resource [bus 00-ff]
Jan 11 23:56:08 rui-VirtualBox kernel: [    0.264824] pci 0000:00:00.0: [8086:1237] type 00 class 0x060000
Jan 11 23:56:08 rui-VirtualBox kernel: [    0.265396] pci 0000:00:01.0: [8086:7000] type 00 class 0x060100
Jan 11 23:56:08 rui-VirtualBox kernel: [    0.266019] pci 0000:00:01.1: [8086:7111] type 00 class 0x01018a
Jan 11 23:56:08 rui-VirtualBox kernel: [    0.266399] pci 0000:00:01.1: reg 0x20: [io  0xd000-0xd00f]
Jan 11 23:56:08 rui-VirtualBox kernel: [    0.266559] pci 0000:00:01.1: legacy IDE quirk: reg 0x10: [io  0x01f0-0x01f7]
Jan 11 23:56:08 rui-VirtualBox kernel: [    0.266560] pci 0000:00:01.1: legacy IDE quirk: reg 0x14: [io  0x03f6]
Jan 11 23:56:08 rui-VirtualBox kernel: [    0.266562] pci 0000:00:01.1: legacy IDE quirk: reg 0x18: [io  0x0170-0x0177]
Jan 11 23:56:08 rui-VirtualBox kernel: [    0.266564] pci 0000:00:01.1: legacy IDE quirk: reg 0x1c: [io  0x0376]
Jan 11 23:56:08 rui-VirtualBox kernel: [    0.266751] pci 0000:00:02.0: [80ee:beef] type 00 class 0x030000
Jan 11 23:56:08 rui-VirtualBox kernel: [    0.267767] pci 0000:00:02.0: reg 0x10: [mem 0xe0000000-0xe0ffffff pref]
Jan 11 23:56:08 rui-VirtualBox kernel: [    0.277972] pci 0000:00:03.0: [8086:100e] type 00 class 0x020000
Jan 11 23:56:08 rui-VirtualBox kernel: [    0.278962] pci 0000:00:03.0: reg 0x10: [mem 0xf0000000-0xf001ffff]
Jan 11 23:56:08 rui-VirtualBox kernel: [    0.280141] pci 0000:00:03.0: reg 0x18: [io  0xd010-0xd017]
Jan 11 23:56:08 rui-VirtualBox kernel: [    0.281999] pci 0000:00:04.0: [80ee:cafe] type 00 class 0x088000
Jan 11 23:56:08 rui-VirtualBox kernel: [    0.282390] pci 0000:00:04.0: reg 0x10: [io  0xd020-0xd03f]
Jan 11 23:56:08 rui-VirtualBox kernel: [    0.282818] pci 0000:00:04.0: reg 0x14: [mem 0xf0400000-0xf07fffff]
Jan 11 23:56:08 rui-VirtualBox kernel: [    0.283156] pci 0000:00:04.0: reg 0x18: [mem 0xf0800000-0xf0803fff pref]
Jan 11 23:56:08 rui-VirtualBox kernel: [    0.284797] pci 0000:00:05.0: [8086:2415] type 00 class 0x040100
Jan 11 23:56:08 rui-VirtualBox kernel: [    0.284909] pci 0000:00:05.0: reg 0x10: [io  0xd100-0xd1ff]
Jan 11 23:56:08 rui-VirtualBox kernel: [    0.284974] pci 0000:00:05.0: reg 0x14: [io  0xd200-0xd23f]
Jan 11 23:56:08 rui-VirtualBox kernel: [    0.285493] pci 0000:00:06.0: [106b:003f] type 00 class 0x0c0310
Jan 11 23:56:08 rui-VirtualBox kernel: [    0.285982] pci 0000:00:06.0: reg 0x10: [mem 0xf0804000-0xf0804fff]
Jan 11 23:56:08 rui-VirtualBox kernel: [    0.288184] pci 0000:00:07.0: [8086:7113] type 00 class 0x068000
Jan 11 23:56:08 rui-VirtualBox kernel: [    0.288585] pci 0000:00:07.0: quirk: [io  0x4000-0x403f] claimed by PIIX4 ACPI
Jan 11 23:56:08 rui-VirtualBox kernel: [    0.288596] pci 0000:00:07.0: quirk: [io  0x4100-0x410f] claimed by PIIX4 SMB
Jan 11 23:56:08 rui-VirtualBox kernel: [    0.288889] pci 0000:00:0b.0: [8086:265c] type 00 class 0x0c0320
Jan 11 23:56:08 rui-VirtualBox kernel: [    0.289275] pci 0000:00:0b.0: reg 0x10: [mem 0xf0805000-0xf0805fff]
Jan 11 23:56:08 rui-VirtualBox kernel: [    0.294897] pci 0000:00:0d.0: [8086:2829] type 00 class 0x010601
Jan 11 23:56:08 rui-VirtualBox kernel: [    0.296063] pci 0000:00:0d.0: reg 0x10: [io  0xd240-0xd247]
Jan 11 23:56:08 rui-VirtualBox kernel: [    0.297139] pci 0000:00:0d.0: reg 0x14: [io  0xd248-0xd24b]
Jan 11 23:56:08 rui-VirtualBox kernel: [    0.297910] pci 0000:00:0d.0: reg 0x18: [io  0xd250-0xd257]
Jan 11 23:56:08 rui-VirtualBox kernel: [    0.298872] pci 0000:00:0d.0: reg 0x1c: [io  0xd258-0xd25b]
Jan 11 23:56:08 rui-VirtualBox kernel: [    0.300072] pci 0000:00:0d.0: reg 0x20: [io  0xd260-0xd26f]
Jan 11 23:56:08 rui-VirtualBox kernel: [    0.301601] pci 0000:00:0d.0: reg 0x24: [mem 0xf0806000-0xf0807fff]
Jan 11 23:56:08 rui-VirtualBox kernel: [    0.304531] pci_bus 0000:00: on NUMA node 0
Jan 11 23:56:08 rui-VirtualBox kernel: [    0.306639] ACPI: PCI Interrupt Link [LNKA] (IRQs 5 9 10 *11)
Jan 11 23:56:08 rui-VirtualBox kernel: [    0.307123] ACPI: PCI Interrupt Link [LNKB] (IRQs 5 9 *10 11)
Jan 11 23:56:08 rui-VirtualBox kernel: [    0.307253] ACPI: PCI Interrupt Link [LNKC] (IRQs 5 *9 10 11)
Jan 11 23:56:08 rui-VirtualBox kernel: [    0.307418] ACPI: PCI Interrupt Link [LNKD] (IRQs 5 9 10 *11)
Jan 11 23:56:08 rui-VirtualBox kernel: [    0.307690] ACPI: Enabled 2 GPEs in block 00 to 07
Jan 11 23:56:08 rui-VirtualBox kernel: [    0.308086] vgaarb: setting as boot device: PCI:0000:00:02.0
Jan 11 23:56:08 rui-VirtualBox kernel: [    0.308088] vgaarb: device added: PCI:0000:00:02.0,decodes=io+mem,owns=io+mem,locks=none
Jan 11 23:56:08 rui-VirtualBox kernel: [    0.308091] vgaarb: loaded
Jan 11 23:56:08 rui-VirtualBox kernel: [    0.308093] vgaarb: bridge control possible 0000:00:02.0
Jan 11 23:56:08 rui-VirtualBox kernel: [    0.308754] SCSI subsystem initialized
Jan 11 23:56:08 rui-VirtualBox kernel: [    0.308872] libata version 3.00 loaded.
Jan 11 23:56:08 rui-VirtualBox kernel: [    0.308943] ACPI: bus type USB registered
Jan 11 23:56:08 rui-VirtualBox kernel: [    0.308994] usbcore: registered new interface driver usbfs
Jan 11 23:56:08 rui-VirtualBox kernel: [    0.309034] usbcore: registered new interface driver hub
Jan 11 23:56:08 rui-VirtualBox kernel: [    0.309068] usbcore: registered new device driver usb
Jan 11 23:56:08 rui-VirtualBox kernel: [    0.309630] PCI: Using ACPI for IRQ routing
Jan 11 23:56:08 rui-VirtualBox kernel: [    0.309636] PCI: pci_cache_line_size set to 64 bytes
Jan 11 23:56:08 rui-VirtualBox kernel: [    0.310102] e820: reserve RAM buffer [mem 0x0009fc00-0x0009ffff]
Jan 11 23:56:08 rui-VirtualBox kernel: [    0.310117] e820: reserve RAM buffer [mem 0x3fff0000-0x3fffffff]
Jan 11 23:56:08 rui-VirtualBox kernel: [    0.310634] NetLabel: Initializing
Jan 11 23:56:08 rui-VirtualBox kernel: [    0.310637] NetLabel:  domain hash size = 128
Jan 11 23:56:08 rui-VirtualBox kernel: [    0.310638] NetLabel:  protocols = UNLABELED CIPSOv4
Jan 11 23:56:08 rui-VirtualBox kernel: [    0.310683] NetLabel:  unlabeled traffic allowed by default
Jan 11 23:56:08 rui-VirtualBox kernel: [    0.311428] clocksource: Switched to clocksource kvm-clock
Jan 11 23:56:08 rui-VirtualBox kernel: [    0.320641] AppArmor: AppArmor Filesystem Enabled
Jan 11 23:56:08 rui-VirtualBox kernel: [    0.320701] pnp: PnP ACPI init
Jan 11 23:56:08 rui-VirtualBox kernel: [    0.320755] pnp 00:00: Plug and Play ACPI device, IDs PNP0303 (active)
Jan 11 23:56:08 rui-VirtualBox kernel: [    0.320819] pnp 00:01: Plug and Play ACPI device, IDs PNP0f03 (active)
Jan 11 23:56:08 rui-VirtualBox kernel: [    0.321402] pnp: PnP ACPI: found 2 devices
Jan 11 23:56:08 rui-VirtualBox kernel: [    0.321408] PnPBIOS: Disabled by ACPI PNP
Jan 11 23:56:08 rui-VirtualBox kernel: [    0.357360] clocksource: acpi_pm: mask: 0xffffff max_cycles: 0xffffff, max_idle_ns: 2085701024 ns
Jan 11 23:56:08 rui-VirtualBox kernel: [    0.357378] pci_bus 0000:00: resource 4 [io  0x0000-0x0cf7 window]
Jan 11 23:56:08 rui-VirtualBox kernel: [    0.357380] pci_bus 0000:00: resource 5 [io  0x0d00-0xffff window]
Jan 11 23:56:08 rui-VirtualBox kernel: [    0.357382] pci_bus 0000:00: resource 6 [mem 0x000a0000-0x000bffff window]
Jan 11 23:56:08 rui-VirtualBox kernel: [    0.357384] pci_bus 0000:00: resource 7 [mem 0x40000000-0xfdffffff window]
Jan 11 23:56:08 rui-VirtualBox kernel: [    0.357420] NET: Registered protocol family 2
Jan 11 23:56:08 rui-VirtualBox kernel: [    0.357648] TCP established hash table entries: 8192 (order: 3, 32768 bytes)
Jan 11 23:56:08 rui-VirtualBox kernel: [    0.357655] TCP bind hash table entries: 8192 (order: 4, 65536 bytes)
Jan 11 23:56:08 rui-VirtualBox kernel: [    0.357669] TCP: Hash tables configured (established 8192 bind 8192)
Jan 11 23:56:08 rui-VirtualBox kernel: [    0.357686] UDP hash table entries: 512 (order: 2, 16384 bytes)
Jan 11 23:56:08 rui-VirtualBox kernel: [    0.357690] UDP-Lite hash table entries: 512 (order: 2, 16384 bytes)
Jan 11 23:56:08 rui-VirtualBox kernel: [    0.357722] NET: Registered protocol family 1
Jan 11 23:56:08 rui-VirtualBox kernel: [    0.357735] pci 0000:00:00.0: Limiting direct PCI/PCI transfers
Jan 11 23:56:08 rui-VirtualBox kernel: [    0.357843] pci 0000:00:01.0: Activating ISA DMA hang workarounds
Jan 11 23:56:08 rui-VirtualBox kernel: [    0.357890] pci 0000:00:02.0: Video device with shadowed ROM
Jan 11 23:56:08 rui-VirtualBox kernel: [    0.358969] ACPI: PCI Interrupt Link [LNKB] enabled at IRQ 10
Jan 11 23:56:08 rui-VirtualBox kernel: [    0.358978] PCI: setting IRQ 10 as level-triggered
Jan 11 23:56:08 rui-VirtualBox kernel: [    0.361118] ACPI: PCI Interrupt Link [LNKC] enabled at IRQ 9
Jan 11 23:56:08 rui-VirtualBox kernel: [    0.361120] PCI: setting IRQ 9 as level-triggered
Jan 11 23:56:08 rui-VirtualBox kernel: [    0.361690] PCI: CLS 0 bytes, default 64
Jan 11 23:56:08 rui-VirtualBox kernel: [    0.361783] Trying to unpack rootfs image as initramfs...
Jan 11 23:56:08 rui-VirtualBox kernel: [    0.943204] Freeing initrd memory: 34336K (f3ce0000 - f5e68000)
Jan 11 23:56:08 rui-VirtualBox kernel: [    0.943839] platform rtc_cmos: registered platform RTC device (no PNP device found)
Jan 11 23:56:08 rui-VirtualBox kernel: [    0.943921] Scanning for low memory corruption every 60 seconds
Jan 11 23:56:08 rui-VirtualBox kernel: [    0.944926] futex hash table entries: 256 (order: 2, 16384 bytes)
Jan 11 23:56:08 rui-VirtualBox kernel: [    0.945006] audit: initializing netlink subsys (disabled)
Jan 11 23:56:08 rui-VirtualBox kernel: [    0.945087] audit: type=2000 audit(1547270155.378:1): initialized
Jan 11 23:56:08 rui-VirtualBox kernel: [    0.945833] Initialise system trusted keyring
Jan 11 23:56:08 rui-VirtualBox kernel: [    0.946049] HugeTLB registered 2 MB page size, pre-allocated 0 pages
Jan 11 23:56:08 rui-VirtualBox kernel: [    0.947999] zbud: loaded
Jan 11 23:56:08 rui-VirtualBox kernel: [    0.948084] VFS: Disk quotas dquot_6.6.0
Jan 11 23:56:08 rui-VirtualBox kernel: [    0.948156] VFS: Dquot-cache hash table entries: 1024 (order 0, 4096 bytes)
Jan 11 23:56:08 rui-VirtualBox kernel: [    0.948372] squashfs: version 4.0 (2009/01/31) Phillip Lougher
Jan 11 23:56:08 rui-VirtualBox kernel: [    0.948562] fuse init (API version 7.23)
Jan 11 23:56:08 rui-VirtualBox kernel: [    0.948670] Key type big_key registered
Jan 11 23:56:08 rui-VirtualBox kernel: [    0.948692] Allocating IMA MOK and blacklist keyrings.
Jan 11 23:56:08 rui-VirtualBox kernel: [    0.948924] Key type asymmetric registered
Jan 11 23:56:08 rui-VirtualBox kernel: [    0.948932] Asymmetric key parser 'x509' registered
Jan 11 23:56:08 rui-VirtualBox kernel: [    0.948945] bounce: pool size: 64 pages
Jan 11 23:56:08 rui-VirtualBox kernel: [    0.948975] Block layer SCSI generic (bsg) driver version 0.4 loaded (major 249)
Jan 11 23:56:08 rui-VirtualBox kernel: [    0.948995] io scheduler noop registered
Jan 11 23:56:08 rui-VirtualBox kernel: [    0.948998] io scheduler deadline registered (default)
Jan 11 23:56:08 rui-VirtualBox kernel: [    0.949052] io scheduler cfq registered
Jan 11 23:56:08 rui-VirtualBox kernel: [    0.949216] pci_hotplug: PCI Hot Plug PCI Core version: 0.5
Jan 11 23:56:08 rui-VirtualBox kernel: [    0.949221] pciehp: PCI Express Hot Plug Controller Driver version: 0.4
Jan 11 23:56:08 rui-VirtualBox kernel: [    0.949251] intel_idle: does not run on family 6 model 158
Jan 11 23:56:08 rui-VirtualBox kernel: [    0.949356] ACPI: AC Adapter [AC] (on-line)
Jan 11 23:56:08 rui-VirtualBox kernel: [    0.949408] input: Power Button as /devices/LNXSYSTM:00/LNXPWRBN:00/input/input0
Jan 11 23:56:08 rui-VirtualBox kernel: [    0.949411] ACPI: Power Button [PWRF]
Jan 11 23:56:08 rui-VirtualBox kernel: [    0.949475] input: Sleep Button as /devices/LNXSYSTM:00/LNXSLPBN:00/input/input1
Jan 11 23:56:08 rui-VirtualBox kernel: [    0.949478] ACPI: Sleep Button [SLPF]
Jan 11 23:56:08 rui-VirtualBox kernel: [    0.949569] GHES: HEST is not enabled!
Jan 11 23:56:08 rui-VirtualBox kernel: [    0.950291] ACPI: Battery Slot [BAT0] (battery present)
Jan 11 23:56:08 rui-VirtualBox kernel: [    0.950315] isapnp: Scanning for PnP cards...
Jan 11 23:56:08 rui-VirtualBox kernel: [    0.956192] Serial: 8250/16550 driver, 32 ports, IRQ sharing enabled
Jan 11 23:56:08 rui-VirtualBox kernel: [    0.957567] Linux agpgart interface v0.103
Jan 11 23:56:08 rui-VirtualBox kernel: [    1.004840] brd: module loaded
Jan 11 23:56:08 rui-VirtualBox kernel: [    1.005567] loop: module loaded
Jan 11 23:56:08 rui-VirtualBox kernel: [    1.005742] ata_piix 0000:00:01.1: version 2.13
Jan 11 23:56:08 rui-VirtualBox kernel: [    1.006068] scsi host0: ata_piix
Jan 11 23:56:08 rui-VirtualBox kernel: [    1.006118] scsi host1: ata_piix
Jan 11 23:56:08 rui-VirtualBox kernel: [    1.006147] ata1: PATA max UDMA/33 cmd 0x1f0 ctl 0x3f6 bmdma 0xd000 irq 14
Jan 11 23:56:08 rui-VirtualBox kernel: [    1.006148] ata2: PATA max UDMA/33 cmd 0x170 ctl 0x376 bmdma 0xd008 irq 15
Jan 11 23:56:08 rui-VirtualBox kernel: [    1.006218] libphy: Fixed MDIO Bus: probed
Jan 11 23:56:08 rui-VirtualBox kernel: [    1.006221] tun: Universal TUN/TAP device driver, 1.6
Jan 11 23:56:08 rui-VirtualBox kernel: [    1.006222] tun: (C) 1999-2004 Max Krasnyansky <maxk@qualcomm.com>
Jan 11 23:56:08 rui-VirtualBox kernel: [    1.006600] PPP generic driver version 2.4.2
Jan 11 23:56:08 rui-VirtualBox kernel: [    1.006748] ehci_hcd: USB 2.0 'Enhanced' Host Controller (EHCI) Driver
Jan 11 23:56:08 rui-VirtualBox kernel: [    1.006753] ehci-pci: EHCI PCI platform driver
Jan 11 23:56:08 rui-VirtualBox kernel: [    1.007405] ehci-pci 0000:00:0b.0: EHCI Host Controller
Jan 11 23:56:08 rui-VirtualBox kernel: [    1.007413] ehci-pci 0000:00:0b.0: new USB bus registered, assigned bus number 1
Jan 11 23:56:08 rui-VirtualBox kernel: [    1.007619] ehci-pci 0000:00:0b.0: irq 9, io mem 0xf0805000
Jan 11 23:56:08 rui-VirtualBox kernel: [    1.052357] ehci-pci 0000:00:0b.0: USB 2.0 started, EHCI 1.00
Jan 11 23:56:08 rui-VirtualBox kernel: [    1.052411] usb usb1: New USB device found, idVendor=1d6b, idProduct=0002
Jan 11 23:56:08 rui-VirtualBox kernel: [    1.052414] usb usb1: New USB device strings: Mfr=3, Product=2, SerialNumber=1
Jan 11 23:56:08 rui-VirtualBox kernel: [    1.052416] usb usb1: Product: EHCI Host Controller
Jan 11 23:56:08 rui-VirtualBox kernel: [    1.052417] usb usb1: Manufacturer: Linux 4.4.0-31-generic ehci_hcd
Jan 11 23:56:08 rui-VirtualBox kernel: [    1.052419] usb usb1: SerialNumber: 0000:00:0b.0
Jan 11 23:56:08 rui-VirtualBox kernel: [    1.052522] hub 1-0:1.0: USB hub found
Jan 11 23:56:08 rui-VirtualBox kernel: [    1.052527] hub 1-0:1.0: 12 ports detected
Jan 11 23:56:08 rui-VirtualBox kernel: [    1.052804] ehci-platform: EHCI generic platform driver
Jan 11 23:56:08 rui-VirtualBox kernel: [    1.052815] ohci_hcd: USB 1.1 'Open' Host Controller (OHCI) Driver
Jan 11 23:56:08 rui-VirtualBox kernel: [    1.052819] ohci-pci: OHCI PCI platform driver
Jan 11 23:56:08 rui-VirtualBox kernel: [    1.053368] ohci-pci 0000:00:06.0: OHCI PCI host controller
Jan 11 23:56:08 rui-VirtualBox kernel: [    1.053374] ohci-pci 0000:00:06.0: new USB bus registered, assigned bus number 2
Jan 11 23:56:08 rui-VirtualBox kernel: [    1.053409] ohci-pci 0000:00:06.0: irq 10, io mem 0xf0804000
Jan 11 23:56:08 rui-VirtualBox kernel: [    1.144720] usb usb2: New USB device found, idVendor=1d6b, idProduct=0001
Jan 11 23:56:08 rui-VirtualBox kernel: [    1.144723] usb usb2: New USB device strings: Mfr=3, Product=2, SerialNumber=1
Jan 11 23:56:08 rui-VirtualBox kernel: [    1.144725] usb usb2: Product: OHCI PCI host controller
Jan 11 23:56:08 rui-VirtualBox kernel: [    1.144727] usb usb2: Manufacturer: Linux 4.4.0-31-generic ohci_hcd
Jan 11 23:56:08 rui-VirtualBox kernel: [    1.144728] usb usb2: SerialNumber: 0000:00:06.0
Jan 11 23:56:08 rui-VirtualBox kernel: [    1.144853] hub 2-0:1.0: USB hub found
Jan 11 23:56:08 rui-VirtualBox kernel: [    1.144867] hub 2-0:1.0: 12 ports detected
Jan 11 23:56:08 rui-VirtualBox kernel: [    1.145349] ohci-platform: OHCI generic platform driver
Jan 11 23:56:08 rui-VirtualBox kernel: [    1.145377] uhci_hcd: USB Universal Host Controller Interface driver
Jan 11 23:56:08 rui-VirtualBox kernel: [    1.145428] i8042: PNP: PS/2 Controller [PNP0303:PS2K,PNP0f03:PS2M] at 0x60,0x64 irq 1,12
Jan 11 23:56:08 rui-VirtualBox kernel: [    1.145861] serio: i8042 KBD port at 0x60,0x64 irq 1
Jan 11 23:56:08 rui-VirtualBox kernel: [    1.145866] serio: i8042 AUX port at 0x60,0x64 irq 12
Jan 11 23:56:08 rui-VirtualBox kernel: [    1.146023] mousedev: PS/2 mouse device common for all mice
Jan 11 23:56:08 rui-VirtualBox kernel: [    1.146447] input: AT Translated Set 2 keyboard as /devices/platform/i8042/serio0/input/input2
Jan 11 23:56:08 rui-VirtualBox kernel: [    1.146877] rtc_cmos rtc_cmos: rtc core: registered rtc_cmos as rtc0
Jan 11 23:56:08 rui-VirtualBox kernel: [    1.146901] rtc_cmos rtc_cmos: alarms up to one day, 114 bytes nvram
Jan 11 23:56:08 rui-VirtualBox kernel: [    1.146907] i2c /dev entries driver
Jan 11 23:56:08 rui-VirtualBox kernel: [    1.146985] device-mapper: uevent: version 1.0.3
Jan 11 23:56:08 rui-VirtualBox kernel: [    1.147184] device-mapper: ioctl: 4.34.0-ioctl (2015-10-28) initialised: dm-devel@redhat.com
Jan 11 23:56:08 rui-VirtualBox kernel: [    1.147257] platform eisa.0: Probing EISA bus 0
Jan 11 23:56:08 rui-VirtualBox kernel: [    1.147261] platform eisa.0: EISA: Cannot allocate resource for mainboard
Jan 11 23:56:08 rui-VirtualBox kernel: [    1.147263] platform eisa.0: Cannot allocate resource for EISA slot 1
Jan 11 23:56:08 rui-VirtualBox kernel: [    1.147265] platform eisa.0: Cannot allocate resource for EISA slot 2
Jan 11 23:56:08 rui-VirtualBox kernel: [    1.147267] platform eisa.0: Cannot allocate resource for EISA slot 3
Jan 11 23:56:08 rui-VirtualBox kernel: [    1.147269] platform eisa.0: Cannot allocate resource for EISA slot 4
Jan 11 23:56:08 rui-VirtualBox kernel: [    1.147270] platform eisa.0: Cannot allocate resource for EISA slot 5
Jan 11 23:56:08 rui-VirtualBox kernel: [    1.147272] platform eisa.0: Cannot allocate resource for EISA slot 6
Jan 11 23:56:08 rui-VirtualBox kernel: [    1.147274] platform eisa.0: Cannot allocate resource for EISA slot 7
Jan 11 23:56:08 rui-VirtualBox kernel: [    1.147276] platform eisa.0: Cannot allocate resource for EISA slot 8
Jan 11 23:56:08 rui-VirtualBox kernel: [    1.147278] platform eisa.0: EISA: Detected 0 cards
Jan 11 23:56:08 rui-VirtualBox kernel: [    1.147294] cpufreq-nforce2: No nForce2 chipset.
Jan 11 23:56:08 rui-VirtualBox kernel: [    1.147303] ledtrig-cpu: registered to indicate activity on CPUs
Jan 11 23:56:08 rui-VirtualBox kernel: [    1.147588] NET: Registered protocol family 10
Jan 11 23:56:08 rui-VirtualBox kernel: [    1.147782] NET: Registered protocol family 17
Jan 11 23:56:08 rui-VirtualBox kernel: [    1.147865] Key type dns_resolver registered
Jan 11 23:56:08 rui-VirtualBox kernel: [    1.148040] microcode: CPU0 sig=0x906e9, pf=0x2, revision=0x0
Jan 11 23:56:08 rui-VirtualBox kernel: [    1.148062] microcode: Microcode Update Driver: v2.01 <tigran@aivazian.fsnet.co.uk>, Peter Oruba
Jan 11 23:56:08 rui-VirtualBox kernel: [    1.148072] Using IPI No-Shortcut mode
Jan 11 23:56:08 rui-VirtualBox kernel: [    1.148169] registered taskstats version 1
Jan 11 23:56:08 rui-VirtualBox kernel: [    1.148250] Loading compiled-in X.509 certificates
Jan 11 23:56:08 rui-VirtualBox kernel: [    1.149998] Loaded X.509 cert 'Build time autogenerated kernel key: cb6840fabcbd1bdef376e0ee9ee79560852e9a80'
Jan 11 23:56:08 rui-VirtualBox kernel: [    1.150016] zswap: loaded using pool lzo/zbud
Jan 11 23:56:08 rui-VirtualBox kernel: [    1.151625] Key type trusted registered
Jan 11 23:56:08 rui-VirtualBox kernel: [    1.154766] Key type encrypted registered
Jan 11 23:56:08 rui-VirtualBox kernel: [    1.154772] AppArmor: AppArmor sha1 policy hashing enabled
Jan 11 23:56:08 rui-VirtualBox kernel: [    1.154782] ima: No TPM chip found, activating TPM-bypass!
Jan 11 23:56:08 rui-VirtualBox kernel: [    1.154800] evm: HMAC attrs: 0x1
Jan 11 23:56:08 rui-VirtualBox kernel: [    1.155127]   Magic number: 3:183:919
Jan 11 23:56:08 rui-VirtualBox kernel: [    1.155190] rtc_cmos rtc_cmos: setting system clock to 2019-01-12 04:56:02 UTC (1547268962)
Jan 11 23:56:08 rui-VirtualBox kernel: [    1.155260] BIOS EDD facility v0.16 2004-Jun-25, 0 devices found
Jan 11 23:56:08 rui-VirtualBox kernel: [    1.155262] EDD information not available.
Jan 11 23:56:08 rui-VirtualBox kernel: [    1.155299] PM: Hibernation image not present or could not be loaded.
Jan 11 23:56:08 rui-VirtualBox kernel: [    1.200681] ata2.00: ATAPI: VBOX CD-ROM, 1.0, max UDMA/133
Jan 11 23:56:08 rui-VirtualBox kernel: [    1.201073] ata2.00: configured for UDMA/33
Jan 11 23:56:08 rui-VirtualBox kernel: [    1.340313] isapnp: No Plug & Play device found
Jan 11 23:56:08 rui-VirtualBox kernel: [    1.340683] scsi 1:0:0:0: CD-ROM            VBOX     CD-ROM           1.0  PQ: 0 ANSI: 5
Jan 11 23:56:08 rui-VirtualBox kernel: [    1.348174] sr 1:0:0:0: [sr0] scsi3-mmc drive: 32x/32x xa/form2 tray
Jan 11 23:56:08 rui-VirtualBox kernel: [    1.348178] cdrom: Uniform CD-ROM driver Revision: 3.20
Jan 11 23:56:08 rui-VirtualBox kernel: [    1.348320] sr 1:0:0:0: Attached scsi CD-ROM sr0
Jan 11 23:56:08 rui-VirtualBox kernel: [    1.348372] sr 1:0:0:0: Attached scsi generic sg0 type 5
Jan 11 23:56:08 rui-VirtualBox kernel: [    1.348675] Freeing unused kernel memory: 948K (c1b86000 - c1c73000)
Jan 11 23:56:08 rui-VirtualBox kernel: [    1.348733] Write protecting the kernel text: 7892k
Jan 11 23:56:08 rui-VirtualBox kernel: [    1.348761] Write protecting the kernel read-only data: 3136k
Jan 11 23:56:08 rui-VirtualBox kernel: [    1.348762] NX-protecting the kernel data: 6444k
Jan 11 23:56:08 rui-VirtualBox kernel: [    1.361256] random: systemd-udevd urandom read with 2 bits of entropy available
Jan 11 23:56:08 rui-VirtualBox kernel: [    1.423035] e1000: Intel(R) PRO/1000 Network Driver - version 7.3.21-k8-NAPI
Jan 11 23:56:08 rui-VirtualBox kernel: [    1.423046] e1000: Copyright (c) 1999-2006 Intel Corporation.
Jan 11 23:56:08 rui-VirtualBox kernel: [    1.450272] ACPI: Video Device [GFX0] (multi-head: yes  rom: no  post: no)
Jan 11 23:56:08 rui-VirtualBox kernel: [    1.450337] input: Video Bus as /devices/LNXSYSTM:00/LNXSYBUS:00/PNP0A03:00/LNXVIDEO:00/input/input4
Jan 11 23:56:08 rui-VirtualBox kernel: [    1.469297] FUJITSU Extended Socket Network Device Driver - version 1.0 - Copyright (c) 2015 FUJITSU LIMITED
Jan 11 23:56:08 rui-VirtualBox kernel: [    1.558605] usb 2-1: new full-speed USB device number 2 using ohci-pci
Jan 11 23:56:08 rui-VirtualBox kernel: [    1.761714] input: ImExPS/2 Generic Explorer Mouse as /devices/platform/i8042/serio1/input/input5
Jan 11 23:56:08 rui-VirtualBox kernel: [    1.828807] usb 2-1: New USB device found, idVendor=80ee, idProduct=0021
Jan 11 23:56:08 rui-VirtualBox kernel: [    1.828810] usb 2-1: New USB device strings: Mfr=1, Product=3, SerialNumber=0
Jan 11 23:56:08 rui-VirtualBox kernel: [    1.828813] usb 2-1: Product: USB Tablet
Jan 11 23:56:08 rui-VirtualBox kernel: [    1.828814] usb 2-1: Manufacturer: VirtualBox
Jan 11 23:56:08 rui-VirtualBox kernel: [    1.946446] tsc: Refined TSC clocksource calibration: 2496.420 MHz
Jan 11 23:56:08 rui-VirtualBox kernel: [    1.946458] clocksource: tsc: mask: 0xffffffffffffffff max_cycles: 0x23fc03daf8b, max_idle_ns: 440795215404 ns
Jan 11 23:56:08 rui-VirtualBox kernel: [    2.003517] hidraw: raw HID events driver (C) Jiri Kosina
Jan 11 23:56:08 rui-VirtualBox kernel: [    2.035620] usbcore: registered new interface driver usbhid
Jan 11 23:56:08 rui-VirtualBox kernel: [    2.035623] usbhid: USB HID core driver
Jan 11 23:56:08 rui-VirtualBox kernel: [    2.055776] input: VirtualBox USB Tablet as /devices/pci0000:00/0000:00:06.0/usb2/2-1/2-1:1.0/0003:80EE:0021.0001/input/input6
Jan 11 23:56:08 rui-VirtualBox kernel: [    2.056186] hid-generic 0003:80EE:0021.0001: input,hidraw0: USB HID v1.10 Mouse [VirtualBox USB Tablet] on usb-0000:00:06.0-1/input0
Jan 11 23:56:08 rui-VirtualBox kernel: [    2.212537] e1000 0000:00:03.0 eth0: (PCI:33MHz:32-bit) 08:00:27:06:29:35
Jan 11 23:56:08 rui-VirtualBox kernel: [    2.212545] e1000 0000:00:03.0 eth0: Intel(R) PRO/1000 Network Connection
Jan 11 23:56:08 rui-VirtualBox kernel: [    2.212673] ahci 0000:00:0d.0: version 3.0
Jan 11 23:56:08 rui-VirtualBox kernel: [    2.213929] ACPI: PCI Interrupt Link [LNKA] enabled at IRQ 11
Jan 11 23:56:08 rui-VirtualBox kernel: [    2.213933] PCI: setting IRQ 11 as level-triggered
Jan 11 23:56:08 rui-VirtualBox kernel: [    2.214046] ahci 0000:00:0d.0: SSS flag set, parallel bus scan disabled
Jan 11 23:56:08 rui-VirtualBox kernel: [    2.214212] ahci 0000:00:0d.0: AHCI 0001.0100 32 slots 1 ports 3 Gbps 0x1 impl SATA mode
Jan 11 23:56:08 rui-VirtualBox kernel: [    2.214216] ahci 0000:00:0d.0: flags: 64bit ncq stag only ccc 
Jan 11 23:56:08 rui-VirtualBox kernel: [    2.220102] scsi host2: ahci
Jan 11 23:56:08 rui-VirtualBox kernel: [    2.220238] ata3: SATA max UDMA/133 abar m8192@0xf0806000 port 0xf0806100 irq 11
Jan 11 23:56:08 rui-VirtualBox kernel: [    2.230809] e1000 0000:00:03.0 enp0s3: renamed from eth0
Jan 11 23:56:08 rui-VirtualBox kernel: [    2.539583] ata3: SATA link up 3.0 Gbps (SStatus 123 SControl 300)
Jan 11 23:56:08 rui-VirtualBox kernel: [    2.539804] ata3.00: ATA-6: VBOX HARDDISK, 1.0, max UDMA/133
Jan 11 23:56:08 rui-VirtualBox kernel: [    2.539808] ata3.00: 52428800 sectors, multi 128: LBA48 NCQ (depth 31/32)
Jan 11 23:56:08 rui-VirtualBox kernel: [    2.540131] ata3.00: configured for UDMA/133
Jan 11 23:56:08 rui-VirtualBox kernel: [    2.540225] scsi 2:0:0:0: Direct-Access     ATA      VBOX HARDDISK    1.0  PQ: 0 ANSI: 5
Jan 11 23:56:08 rui-VirtualBox kernel: [    2.540647] sd 2:0:0:0: [sda] 52428800 512-byte logical blocks: (26.8 GB/25.0 GiB)
Jan 11 23:56:08 rui-VirtualBox kernel: [    2.540671] sd 2:0:0:0: [sda] Write Protect is off
Jan 11 23:56:08 rui-VirtualBox kernel: [    2.540673] sd 2:0:0:0: [sda] Mode Sense: 00 3a 00 00
Jan 11 23:56:08 rui-VirtualBox kernel: [    2.540684] sd 2:0:0:0: [sda] Write cache: enabled, read cache: enabled, doesn't support DPO or FUA
Jan 11 23:56:08 rui-VirtualBox kernel: [    2.542130] sd 2:0:0:0: Attached scsi generic sg1 type 0
Jan 11 23:56:08 rui-VirtualBox kernel: [    2.542849]  sda: sda1 sda2 < sda5 >
Jan 11 23:56:08 rui-VirtualBox kernel: [    2.543560] sd 2:0:0:0: [sda] Attached SCSI disk
Jan 11 23:56:08 rui-VirtualBox kernel: [    4.543516] floppy0: no floppy controllers found
Jan 11 23:56:08 rui-VirtualBox kernel: [    4.543557] work still pending
Jan 11 23:56:08 rui-VirtualBox kernel: [    4.606855] EXT4-fs (sda1): mounted filesystem with ordered data mode. Opts: (null)
Jan 11 23:56:08 rui-VirtualBox kernel: [    4.932059] lp: driver loaded but no devices found
Jan 11 23:56:08 rui-VirtualBox kernel: [    4.948607] ppdev: user-space parallel port driver
Jan 11 23:56:08 rui-VirtualBox kernel: [    5.218540] EXT4-fs (sda1): re-mounted. Opts: errors=remount-ro
Jan 11 23:56:08 rui-VirtualBox kernel: [    5.904653] audit: type=1400 audit(1547268967.248:2): apparmor="STATUS" operation="profile_load" profile="unconfined" name="/usr/lib/lightdm/lightdm-guest-session" pid=842 comm="apparmor_parser"
Jan 11 23:56:08 rui-VirtualBox kernel: [    5.904658] audit: type=1400 audit(1547268967.248:3): apparmor="STATUS" operation="profile_load" profile="unconfined" name="/usr/lib/lightdm/lightdm-guest-session//chromium" pid=842 comm="apparmor_parser"
Jan 11 23:56:08 rui-VirtualBox kernel: [    5.915402] audit: type=1400 audit(1547268967.256:4): apparmor="STATUS" operation="profile_load" profile="unconfined" name="/sbin/dhclient" pid=847 comm="apparmor_parser"
Jan 11 23:56:08 rui-VirtualBox kernel: [    5.915407] audit: type=1400 audit(1547268967.256:5): apparmor="STATUS" operation="profile_load" profile="unconfined" name="/usr/lib/NetworkManager/nm-dhcp-client.action" pid=847 comm="apparmor_parser"
Jan 11 23:56:08 rui-VirtualBox kernel: [    5.915411] audit: type=1400 audit(1547268967.256:6): apparmor="STATUS" operation="profile_load" profile="unconfined" name="/usr/lib/NetworkManager/nm-dhcp-helper" pid=847 comm="apparmor_parser"
Jan 11 23:56:08 rui-VirtualBox kernel: [    5.915416] audit: type=1400 audit(1547268967.256:7): apparmor="STATUS" operation="profile_load" profile="unconfined" name="/usr/lib/connman/scripts/dhclient-script" pid=847 comm="apparmor_parser"
Jan 11 23:56:08 rui-VirtualBox kernel: [    5.968756] audit: type=1400 audit(1547268967.312:8): apparmor="STATUS" operation="profile_load" profile="unconfined" name="/usr/bin/evince" pid=848 comm="apparmor_parser"
Jan 11 23:56:08 rui-VirtualBox kernel: [    5.968762] audit: type=1400 audit(1547268967.312:9): apparmor="STATUS" operation="profile_load" profile="unconfined" name="/usr/bin/evince//sanitized_helper" pid=848 comm="apparmor_parser"
Jan 11 23:56:08 rui-VirtualBox kernel: [    5.968765] audit: type=1400 audit(1547268967.312:10): apparmor="STATUS" operation="profile_load" profile="unconfined" name="/usr/bin/evince-previewer" pid=848 comm="apparmor_parser"
Jan 11 23:56:08 rui-VirtualBox kernel: [    5.968769] audit: type=1400 audit(1547268967.312:11): apparmor="STATUS" operation="profile_load" profile="unconfined" name="/usr/bin/evince-previewer//sanitized_helper" pid=848 comm="apparmor_parser"
Jan 11 23:56:08 rui-VirtualBox kernel: [    5.968772] audit: type=1400 audit(1547268967.312:12): apparmor="STATUS" operation="profile_load" profile="unconfined" name="/usr/bin/evince-thumbnailer" pid=848 comm="apparmor_parser"
Jan 11 23:56:08 rui-VirtualBox kernel: [    5.968776] audit: type=1400 audit(1547268967.312:13): apparmor="STATUS" operation="profile_load" profile="unconfined" name="/usr/bin/evince-thumbnailer//sanitized_helper" pid=848 comm="apparmor_parser"
Jan 11 23:56:08 rui-VirtualBox kernel: [    5.980519] audit: type=1400 audit(1547268967.324:14): apparmor="STATUS" operation="profile_load" profile="unconfined" name="/usr/bin/ubuntu-core-launcher" pid=859 comm="apparmor_parser"
Jan 11 23:56:08 rui-VirtualBox kernel: [    6.001556] audit: type=1400 audit(1547268967.344:15): apparmor="STATUS" operation="profile_load" profile="unconfined" name="webbrowser-app" pid=861 comm="apparmor_parser"
Jan 11 23:56:08 rui-VirtualBox kernel: [    6.001585] audit: type=1400 audit(1547268967.344:16): apparmor="STATUS" operation="profile_load" profile="unconfined" name="webbrowser-app//oxide_helper" pid=861 comm="apparmor_parser"
Jan 11 23:56:08 rui-VirtualBox kernel: [    6.030709] audit: type=1400 audit(1547268967.372:17): apparmor="STATUS" operation="profile_load" profile="unconfined" name="/usr/sbin/cups-browsed" pid=863 comm="apparmor_parser"
Jan 11 23:56:08 rui-VirtualBox kernel: [    6.749332] random: nonblocking pool is initialized
Jan 11 23:56:08 rui-VirtualBox kernel: [    6.895373] [drm] Initialized drm 1.1.0 20060810
Jan 11 23:56:08 rui-VirtualBox kernel: [    6.954544] piix4_smbus 0000:00:07.0: SMBus Host Controller at 0x4100, revision 0
Jan 11 23:56:08 rui-VirtualBox kernel: [    7.008830] ACPI: PCI Interrupt Link [LNKD] enabled at IRQ 11
Jan 11 23:56:08 rui-VirtualBox kernel: [    7.010059] vgdrvHeartbeatInit: Setting up heartbeat to trigger every 2000 milliseconds
Jan 11 23:56:08 rui-VirtualBox kernel: [    7.010404] input: Unspecified device as /devices/pci0000:00/0000:00:04.0/input/input7
Jan 11 23:56:08 rui-VirtualBox kernel: [    7.022959] vboxguest: misc device minor 55, IRQ 11, I/O port d020, MMIO at 00000000f0400000 (size 0x400000)
Jan 11 23:56:08 rui-VirtualBox kernel: [    7.022963] vboxguest: Successfully loaded version 5.0.18_Ubuntu (interface 0x00010004)
Jan 11 23:56:08 rui-VirtualBox kernel: [    7.073594] [drm] VRAM 01000000
Jan 11 23:56:08 rui-VirtualBox kernel: [    7.079880] [TTM] Zone  kernel: Available graphics memory: 444488 kiB
Jan 11 23:56:08 rui-VirtualBox kernel: [    7.079883] [TTM] Zone highmem: Available graphics memory: 512044 kiB
Jan 11 23:56:08 rui-VirtualBox kernel: [    7.079885] [TTM] Initializing pool allocator
Jan 11 23:56:08 rui-VirtualBox kernel: [    7.079889] [TTM] Initializing DMA pool allocator
Jan 11 23:56:08 rui-VirtualBox kernel: [    7.080266] fbcon: vboxdrmfb (fb0) is primary device
Jan 11 23:56:08 rui-VirtualBox kernel: [    7.114769] Console: switching to colour frame buffer device 100x37
Jan 11 23:56:08 rui-VirtualBox kernel: [    7.152987] vboxvideo 0000:00:02.0: fb0: vboxdrmfb frame buffer device
Jan 11 23:56:08 rui-VirtualBox kernel: [    7.152990] [drm] Initialized vboxvideo 1.0.0 20130823 for 0000:00:02.0 on minor 0
Jan 11 23:56:08 rui-VirtualBox kernel: [    7.305153] Adding 1046524k swap on /dev/sda5.  Priority:-1 extents:1 across:1046524k FS
Jan 11 23:56:08 rui-VirtualBox systemd[1]: Started Regular background program processing daemon.
Jan 11 23:56:08 rui-VirtualBox systemd[1]: Starting Thermal Daemon Service...
Jan 11 23:56:08 rui-VirtualBox cron[1408]: (CRON) INFO (pidfile fd = 3)
Jan 11 23:56:08 rui-VirtualBox cron[1408]: (CRON) INFO (Running @reboot jobs)
Jan 11 23:56:08 rui-VirtualBox systemd[1]: Starting Detect the available GPUs and deal with any system changes...
Jan 11 23:56:08 rui-VirtualBox gpu-manager[1414]: /etc/modprobe.d is not a file
Jan 11 23:56:08 rui-VirtualBox gpu-manager[1414]: /etc/modprobe.d is not a file
Jan 11 23:56:08 rui-VirtualBox systemd[1]: Starting Restore /etc/resolv.conf if the system crashed before the ppp link was shut down...
Jan 11 23:56:08 rui-VirtualBox systemd[1]: Starting LSB: Record successful boot for GRUB...
Jan 11 23:56:08 rui-VirtualBox systemd[1]: Starting LSB: Set the CPU Frequency Scaling governor to "ondemand"...
Jan 11 23:56:08 rui-VirtualBox gpu-manager[1414]: /etc/modprobe.d is not a file
Jan 11 23:56:08 rui-VirtualBox systemd[1]: Started Run anacron jobs.
Jan 11 23:56:08 rui-VirtualBox anacron[1443]: Anacron 2.3 started on 2019-01-11
Jan 11 23:56:08 rui-VirtualBox anacron[1443]: Will run job `cron.daily' in 5 min.
Jan 11 23:56:08 rui-VirtualBox anacron[1443]: Will run job `cron.weekly' in 10 min.
Jan 11 23:56:08 rui-VirtualBox anacron[1443]: Will run job `cron.monthly' in 15 min.
Jan 11 23:56:08 rui-VirtualBox anacron[1443]: Jobs will be executed sequentially
Jan 11 23:56:08 rui-VirtualBox systemd[1]: Starting Permit User Sessions...
Jan 11 23:56:08 rui-VirtualBox systemd[1]: Started D-Bus System Message Bus.
Jan 11 23:56:08 rui-VirtualBox gpu-manager[1414]: /etc/modprobe.d is not a file
Jan 11 23:56:08 rui-VirtualBox gpu-manager[1414]: /etc/modprobe.d is not a file
Jan 11 23:56:08 rui-VirtualBox gpu-manager[1414]: Error: can't open /lib/modules/4.4.0-31-generic/updates/dkms
Jan 11 23:56:08 rui-VirtualBox gpu-manager[1414]: Error: can't open /lib/modules/4.4.0-31-generic/updates/dkms
Jan 11 23:56:08 rui-VirtualBox gpu-manager[1414]: update-alternatives: error: no alternatives for i386-linux-gnu_gfxcore_conf
Jan 11 23:56:08 rui-VirtualBox dbus[1447]: [system] AppArmor D-Bus mediation is enabled
Jan 11 23:56:08 rui-VirtualBox thermald[1411]: NO RAPL sysfs present
Jan 11 23:56:08 rui-VirtualBox thermald[1411]: 22 CPUID levels; family:model:stepping 0x6:9e:9 (6:158:9)
Jan 11 23:56:08 rui-VirtualBox thermald[1411]:  Need Linux PowerCap sysfs
Jan 11 23:56:08 rui-VirtualBox dbus[1447]: [system] Activating systemd to hand-off: service name='org.freedesktop.PolicyKit1' unit='polkitd.service'
Jan 11 23:56:08 rui-VirtualBox thermald[1411]: Unsupported cpu model, use thermal-conf.xml file or run with --ignore-cpuid-check
Jan 11 23:56:08 rui-VirtualBox thermald[1411]: THD engine start failed
Jan 11 23:56:09 rui-VirtualBox dbus[1447]: [system] Successfully activated service 'org.freedesktop.systemd1'
Jan 11 23:56:09 rui-VirtualBox systemd[1]: Started Snappy daemon.
Jan 11 23:56:09 rui-VirtualBox systemd[1]: Starting Network Manager...
Jan 11 23:56:09 rui-VirtualBox systemd[1]: Started CUPS Scheduler.
Jan 11 23:56:09 rui-VirtualBox systemd[1]: Starting Avahi mDNS/DNS-SD Stack...
Jan 11 23:56:09 rui-VirtualBox avahi-daemon[1480]: Found user 'avahi' (UID 111) and group 'avahi' (GID 120).
Jan 11 23:56:09 rui-VirtualBox avahi-daemon[1480]: Successfully dropped root privileges.
Jan 11 23:56:09 rui-VirtualBox avahi-daemon[1480]: avahi-daemon 0.6.32-rc starting up.
Jan 11 23:56:09 rui-VirtualBox systemd[1]: Started ACPI event daemon.
Jan 11 23:56:09 rui-VirtualBox avahi-daemon[1480]: Successfully called chroot().
Jan 11 23:56:09 rui-VirtualBox avahi-daemon[1480]: Successfully dropped remaining capabilities.
Jan 11 23:56:09 rui-VirtualBox avahi-daemon[1480]: No service file found in /etc/avahi/services.
Jan 11 23:56:09 rui-VirtualBox avahi-daemon[1480]: Network interface enumeration completed.
Jan 11 23:56:09 rui-VirtualBox systemd[1]: Started System Logging Service.
Jan 11 23:56:09 rui-VirtualBox avahi-daemon[1480]: Server startup complete. Host name is rui-VirtualBox.local. Local service cookie is 1635743488.
Jan 11 23:56:09 rui-VirtualBox systemd[1]: Started Thermal Daemon Service.
Jan 11 23:56:09 rui-VirtualBox systemd[1]: Started Detect the available GPUs and deal with any system changes.
Jan 11 23:56:09 rui-VirtualBox kernel: [    7.749559] snd_intel8x0 0000:00:05.0: disable (unknown or VT-d) VM optimization
Jan 11 23:56:09 rui-VirtualBox systemd[1]: Started Restore /etc/resolv.conf if the system crashed before the ppp link was shut down.
Jan 11 23:56:09 rui-VirtualBox systemd[1]: Started Permit User Sessions.
Jan 11 23:56:09 rui-VirtualBox /usr/lib/snapd/snapd[1474]: daemon.go:213: DEBUG: adding /
Jan 11 23:56:09 rui-VirtualBox /usr/lib/snapd/snapd[1474]: daemon.go:213: DEBUG: adding /v2/system-info
Jan 11 23:56:09 rui-VirtualBox /usr/lib/snapd/snapd[1474]: daemon.go:213: DEBUG: adding /v2/login
Jan 11 23:56:09 rui-VirtualBox /usr/lib/snapd/snapd[1474]: daemon.go:213: DEBUG: adding /v2/logout
Jan 11 23:56:09 rui-VirtualBox /usr/lib/snapd/snapd[1474]: daemon.go:213: DEBUG: adding /v2/icons/{name}/icon
Jan 11 23:56:09 rui-VirtualBox /usr/lib/snapd/snapd[1474]: daemon.go:213: DEBUG: adding /v2/find
Jan 11 23:56:09 rui-VirtualBox /usr/lib/snapd/snapd[1474]: daemon.go:213: DEBUG: adding /v2/snaps
Jan 11 23:56:09 rui-VirtualBox /usr/lib/snapd/snapd[1474]: daemon.go:213: DEBUG: adding /v2/snaps/{name}
Jan 11 23:56:09 rui-VirtualBox /usr/lib/snapd/snapd[1474]: daemon.go:213: DEBUG: adding /v2/interfaces
Jan 11 23:56:09 rui-VirtualBox /usr/lib/snapd/snapd[1474]: daemon.go:213: DEBUG: adding /v2/assertions
Jan 11 23:56:09 rui-VirtualBox /usr/lib/snapd/snapd[1474]: daemon.go:213: DEBUG: adding /v2/assertions/{assertType}
Jan 11 23:56:09 rui-VirtualBox /usr/lib/snapd/snapd[1474]: daemon.go:213: DEBUG: adding /v2/events
Jan 11 23:56:09 rui-VirtualBox /usr/lib/snapd/snapd[1474]: daemon.go:213: DEBUG: adding /v2/changes/{id}
Jan 11 23:56:09 rui-VirtualBox /usr/lib/snapd/snapd[1474]: daemon.go:213: DEBUG: adding /v2/changes
Jan 11 23:56:09 rui-VirtualBox /usr/lib/snapd/snapd[1474]: daemon.go:213: DEBUG: adding /v2/create-user
Jan 11 23:56:09 rui-VirtualBox /usr/lib/snapd/snapd[1474]: daemon.go:203: DEBUG: init done in 1.886177ms
Jan 11 23:56:09 rui-VirtualBox acpid: starting up with netlink and the input layer
Jan 11 23:56:09 rui-VirtualBox acpid: 9 rules loaded
Jan 11 23:56:09 rui-VirtualBox acpid: waiting for events: event logging is off
Jan 11 23:56:09 rui-VirtualBox NetworkManager[1476]: <info>  [1547268969.1589] NetworkManager (version 1.2.0) is starting...
Jan 11 23:56:09 rui-VirtualBox NetworkManager[1476]: <info>  [1547268969.1593] Read config: /etc/NetworkManager/NetworkManager.conf (etc: default-wifi-powersave-on.conf)
Jan 11 23:56:09 rui-VirtualBox NetworkManager[1476]: <info>  [1547268969.1773] manager[0x861f0e8]: monitoring kernel firmware directory '/lib/firmware'.
Jan 11 23:56:09 rui-VirtualBox NetworkManager[1476]: <info>  [1547268969.1776] monitoring ifupdown state file '/run/network/ifstate'.
Jan 11 23:56:09 rui-VirtualBox NetworkManager[1476]: <info>  [1547268969.1955] dns-mgr[0x862dc50]: set resolv-conf-mode: dnsmasq, plugin="dnsmasq"
Jan 11 23:56:09 rui-VirtualBox NetworkManager[1476]: <info>  [1547268969.1958] dns-mgr[0x862dc50]: using resolv.conf manager 'resolvconf'
Jan 11 23:56:09 rui-VirtualBox dbus[1447]: [system] Activating via systemd: service name='org.freedesktop.nm_dispatcher' unit='dbus-org.freedesktop.nm-dispatcher.service'
Jan 11 23:56:09 rui-VirtualBox irqbalance[1380]:  * Starting SMP IRQ Balancer: irqbalance
Jan 11 23:56:09 rui-VirtualBox speech-dispatcher[1395]:  * speech-dispatcher disabled; edit /etc/default/speech-dispatcher
Jan 11 23:56:09 rui-VirtualBox /usr/sbin/irqbalance: Balancing is ineffective on systems with a single cpu.  Shutting down
Jan 11 23:56:09 rui-VirtualBox irqbalance[1380]:    ...done.
Jan 11 23:56:09 rui-VirtualBox systemd[1]: Started LSB: Speech Dispatcher.
Jan 11 23:56:09 rui-VirtualBox systemd[1]: Started LSB: daemon to balance interrupts for SMP systems.
Jan 11 23:56:09 rui-VirtualBox apport[1377]:  * Starting automatic crash report generation: apport
Jan 11 23:56:09 rui-VirtualBox whoopsie[1376]: [23:56:09] Using lock path: /var/lock/whoopsie/lock
Jan 11 23:56:09 rui-VirtualBox apport[1377]:    ...done.
Jan 11 23:56:09 rui-VirtualBox systemd[1]: Started LSB: automatic crash report generation.
Jan 11 23:56:09 rui-VirtualBox systemd[1]: Started LSB: Record successful boot for GRUB.
Jan 11 23:56:09 rui-VirtualBox systemd[1]: Started LSB: Set the CPU Frequency Scaling governor to "ondemand".
Jan 11 23:56:09 rui-VirtualBox systemd[1]: Started Avahi mDNS/DNS-SD Stack.
Jan 11 23:56:09 rui-VirtualBox systemd[1]: Started Network Manager.
Jan 11 23:56:09 rui-VirtualBox systemd[1]: Started Login Service.
Jan 11 23:56:09 rui-VirtualBox systemd[1]: Starting Network Manager Script Dispatcher Service...
Jan 11 23:56:09 rui-VirtualBox systemd[1]: Reached target Network.
Jan 11 23:56:09 rui-VirtualBox systemd[1]: Starting /etc/rc.local Compatibility...
Jan 11 23:56:09 rui-VirtualBox systemd[1]: Starting Authenticate and Authorize Users to Run Privileged Tasks...
Jan 11 23:56:09 rui-VirtualBox systemd[1]: Started CUPS Scheduler.
Jan 11 23:56:09 rui-VirtualBox systemd[1]: Started Make remote CUPS printers available locally.
Jan 11 23:56:09 rui-VirtualBox systemd[1]: Starting Light Display Manager...
Jan 11 23:56:09 rui-VirtualBox systemd[1]: Started /etc/rc.local Compatibility.
Jan 11 23:56:09 rui-VirtualBox dbus[1447]: [system] Successfully activated service 'org.freedesktop.nm_dispatcher'
Jan 11 23:56:09 rui-VirtualBox NetworkManager[1476]: <info>  [1547268969.7803] init!
Jan 11 23:56:09 rui-VirtualBox NetworkManager[1476]: <info>  [1547268969.7804] management mode: unmanaged
Jan 11 23:56:09 rui-VirtualBox NetworkManager[1476]: <info>  [1547268969.7808] devices added (path: /sys/devices/pci0000:00/0000:00:03.0/net/enp0s3, iface: enp0s3)
Jan 11 23:56:09 rui-VirtualBox NetworkManager[1476]: <info>  [1547268969.7808] device added (path: /sys/devices/pci0000:00/0000:00:03.0/net/enp0s3, iface: enp0s3): no ifupdown configuration found.
Jan 11 23:56:09 rui-VirtualBox NetworkManager[1476]: <info>  [1547268969.7808] devices added (path: /sys/devices/virtual/net/lo, iface: lo)
Jan 11 23:56:09 rui-VirtualBox NetworkManager[1476]: <info>  [1547268969.7808] device added (path: /sys/devices/virtual/net/lo, iface: lo): no ifupdown configuration found.
Jan 11 23:56:09 rui-VirtualBox NetworkManager[1476]: <info>  [1547268969.7808] end _init.
Jan 11 23:56:09 rui-VirtualBox NetworkManager[1476]: <info>  [1547268969.7808] settings: loaded plugin ifupdown: (C) 2008 Canonical Ltd.  To report bugs please use the NetworkManager mailing list. (/usr/lib/i386-linux-gnu/NetworkManager/libnm-settings-plugin-ifupdown.so)
Jan 11 23:56:09 rui-VirtualBox NetworkManager[1476]: <info>  [1547268969.7809] settings: loaded plugin keyfile: (c) 2007 - 2015 Red Hat, Inc.  To report bugs please use the NetworkManager mailing list.
Jan 11 23:56:09 rui-VirtualBox NetworkManager[1476]: <info>  [1547268969.7832] SettingsPlugin-Ofono: init!
Jan 11 23:56:09 rui-VirtualBox NetworkManager[1476]: <warn>  [1547268969.7833] SettingsPlugin-Ofono: file doesn't exist: /var/lib/ofono
Jan 11 23:56:09 rui-VirtualBox NetworkManager[1476]: <info>  [1547268969.7833] SettingsPlugin-Ofono: end _init.
Jan 11 23:56:09 rui-VirtualBox dbus[1447]: [system] Activating via systemd: service name='org.freedesktop.hostname1' unit='dbus-org.freedesktop.hostname1.service'
Jan 11 23:56:09 rui-VirtualBox NetworkManager[1476]: <info>  [1547268969.7833] settings: loaded plugin ofono: (C) 2013-2016 Canonical Ltd.  To report bugs please use the NetworkManager mailing list. (/usr/lib/i386-linux-gnu/NetworkManager/libnm-settings-plugin-ofono.so)
Jan 11 23:56:09 rui-VirtualBox NetworkManager[1476]: <info>  [1547268969.7833] (140786560) ... get_connections.
Jan 11 23:56:09 rui-VirtualBox NetworkManager[1476]: <info>  [1547268969.7834] (140786560) ... get_connections (managed=false): return empty list.
Jan 11 23:56:09 rui-VirtualBox NetworkManager[1476]: <info>  [1547268969.7840] SettingsPlugin-Ofono: (140811288) ... get_connections.
Jan 11 23:56:09 rui-VirtualBox NetworkManager[1476]: <info>  [1547268969.7840] SettingsPlugin-Ofono: (140811288) connections count: 0
Jan 11 23:56:09 rui-VirtualBox NetworkManager[1476]: <info>  [1547268969.7840] get unmanaged devices count: 0
Jan 11 23:56:09 rui-VirtualBox polkitd[1601]: started daemon version 0.105 using authority implementation `local' version `0.105'
Jan 11 23:56:09 rui-VirtualBox dbus[1447]: [system] Successfully activated service 'org.freedesktop.PolicyKit1'
Jan 11 23:56:09 rui-VirtualBox accounts-daemon[1374]: started daemon version 0.6.40
Jan 11 23:56:09 rui-VirtualBox systemd[1]: Started Network Manager Script Dispatcher Service.
Jan 11 23:56:09 rui-VirtualBox systemd[1]: Started Authenticate and Authorize Users to Run Privileged Tasks.
Jan 11 23:56:09 rui-VirtualBox systemd[1]: Received SIGRTMIN+21 from PID 748 (plymouthd).
Jan 11 23:56:09 rui-VirtualBox systemd[1]: Started Accounts Service.
Jan 11 23:56:09 rui-VirtualBox systemd[1]: Started Modem Manager.
Jan 11 23:56:09 rui-VirtualBox systemd[1]: Started Light Display Manager.
Jan 11 23:56:09 rui-VirtualBox systemd[1]: Listening on Load/Save RF Kill Switch Status /dev/rfkill Watch.
Jan 11 23:56:09 rui-VirtualBox systemd[1]: Starting Hostname Service...
Jan 11 23:56:10 rui-VirtualBox systemd[1]: Starting Hold until boot process finishes up...
Jan 11 23:56:10 rui-VirtualBox dbus[1447]: [system] Successfully activated service 'org.freedesktop.hostname1'
Jan 11 23:56:10 rui-VirtualBox systemd[1]: Started Hold until boot process finishes up.
Jan 11 23:56:10 rui-VirtualBox NetworkManager[1476]: <info>  [1547268970.0609] settings: hostname: using hostnamed
Jan 11 23:56:10 rui-VirtualBox NetworkManager[1476]: <info>  [1547268970.0609] settings: hostname changed from (none) to "rui-VirtualBox"
Jan 11 23:56:10 rui-VirtualBox NetworkManager[1476]: <info>  [1547268970.0615] Using DHCP client 'dhclient'
Jan 11 23:56:10 rui-VirtualBox NetworkManager[1476]: <info>  [1547268970.0615] manager: WiFi enabled by radio killswitch; enabled by state file
Jan 11 23:56:10 rui-VirtualBox NetworkManager[1476]: <info>  [1547268970.0615] manager: WWAN enabled by radio killswitch; enabled by state file
Jan 11 23:56:10 rui-VirtualBox NetworkManager[1476]: <info>  [1547268970.0616] manager: Networking is enabled by state file
Jan 11 23:56:10 rui-VirtualBox NetworkManager[1476]: <info>  [1547268970.0616] Loaded device plugin: NMVxlanFactory (internal)
Jan 11 23:56:10 rui-VirtualBox NetworkManager[1476]: <info>  [1547268970.0616] Loaded device plugin: NMVlanFactory (internal)
Jan 11 23:56:10 rui-VirtualBox NetworkManager[1476]: <info>  [1547268970.0617] Loaded device plugin: NMVethFactory (internal)
Jan 11 23:56:10 rui-VirtualBox NetworkManager[1476]: <info>  [1547268970.0617] Loaded device plugin: NMTunFactory (internal)
Jan 11 23:56:10 rui-VirtualBox NetworkManager[1476]: <info>  [1547268970.0618] Loaded device plugin: NMMacvlanFactory (internal)
Jan 11 23:56:10 rui-VirtualBox NetworkManager[1476]: <info>  [1547268970.0618] Loaded device plugin: NMIPTunnelFactory (internal)
Jan 11 23:56:10 rui-VirtualBox NetworkManager[1476]: <info>  [1547268970.0618] Loaded device plugin: NMInfinibandFactory (internal)
Jan 11 23:56:10 rui-VirtualBox NetworkManager[1476]: <info>  [1547268970.0619] Loaded device plugin: NMEthernetFactory (internal)
Jan 11 23:56:10 rui-VirtualBox NetworkManager[1476]: <info>  [1547268970.0619] Loaded device plugin: NMBridgeFactory (internal)
Jan 11 23:56:10 rui-VirtualBox NetworkManager[1476]: <info>  [1547268970.0619] Loaded device plugin: NMBondFactory (internal)
Jan 11 23:56:10 rui-VirtualBox nm-dispatcher: req:1 'hostname': new request (1 scripts)
Jan 11 23:56:10 rui-VirtualBox nm-dispatcher: req:1 'hostname': start running ordered scripts...
Jan 11 23:56:10 rui-VirtualBox NetworkManager[1476]: <info>  [1547268970.0710] Loaded device plugin: NMWwanFactory (/usr/lib/i386-linux-gnu/NetworkManager/libnm-device-plugin-wwan.so)
Jan 11 23:56:10 rui-VirtualBox NetworkManager[1476]: <info>  [1547268970.0765] Loaded device plugin: NMWifiFactory (/usr/lib/i386-linux-gnu/NetworkManager/libnm-device-plugin-wifi.so)
Jan 11 23:56:10 rui-VirtualBox systemd[1]: Started Hostname Service.
Jan 11 23:56:10 rui-VirtualBox NetworkManager[1476]: <info>  [1547268970.0861] Loaded device plugin: NMBluezManager (/usr/lib/i386-linux-gnu/NetworkManager/libnm-device-plugin-bluetooth.so)
Jan 11 23:56:10 rui-VirtualBox NetworkManager[1476]: <info>  [1547268970.0934] Loaded device plugin: NMAtmManager (/usr/lib/i386-linux-gnu/NetworkManager/libnm-device-plugin-adsl.so)
Jan 11 23:56:10 rui-VirtualBox NetworkManager[1476]: nm_device_get_device_type: assertion 'NM_IS_DEVICE (self)' failed
Jan 11 23:56:10 rui-VirtualBox NetworkManager[1476]: <info>  [1547268970.0954] device (lo): link connected
Jan 11 23:56:10 rui-VirtualBox NetworkManager[1476]: <info>  [1547268970.1007] manager: (lo): new Generic device (/org/freedesktop/NetworkManager/Devices/0)
Jan 11 23:56:10 rui-VirtualBox systemd[1]: Starting Set console scheme...
Jan 11 23:56:10 rui-VirtualBox NetworkManager[1476]: <info>  [1547268970.1122] manager: (enp0s3): new Ethernet device (/org/freedesktop/NetworkManager/Devices/1)
Jan 11 23:56:10 rui-VirtualBox NetworkManager[1476]: <info>  [1547268970.1145] keyfile: add connection in-memory (7b7b4539-bce2-488e-acff-a35938367322,"Wired connection 1")
Jan 11 23:56:10 rui-VirtualBox systemd[1]: Started Getty on tty1.
Jan 11 23:56:10 rui-VirtualBox systemd[1]: Reached target Login Prompts.
Jan 11 23:56:10 rui-VirtualBox NetworkManager[1476]: <info>  [1547268970.1256] settings: (enp0s3): created default wired connection 'Wired connection 1'
Jan 11 23:56:10 rui-VirtualBox systemd[1]: Reached target Multi-User System.
Jan 11 23:56:10 rui-VirtualBox systemd[1]: Reached target Graphical Interface.
Jan 11 23:56:10 rui-VirtualBox systemd[1]: Starting Update UTMP about System Runlevel Changes...
Jan 11 23:56:10 rui-VirtualBox NetworkManager[1476]: <info>  [1547268970.1368] device (enp0s3): state change: unmanaged -> unavailable (reason 'managed') [10 20 2]
Jan 11 23:56:10 rui-VirtualBox kernel: [    8.796113] IPv6: ADDRCONF(NETDEV_UP): enp0s3: link is not ready
Jan 11 23:56:10 rui-VirtualBox kernel: [    8.800405] e1000: enp0s3 NIC Link is Up 1000 Mbps Full Duplex, Flow Control: RX
Jan 11 23:56:10 rui-VirtualBox systemd[1]: Started Set console scheme.
Jan 11 23:56:10 rui-VirtualBox kernel: [    8.807876] IPv6: ADDRCONF(NETDEV_UP): enp0s3: link is not ready
Jan 11 23:56:10 rui-VirtualBox NetworkManager[1476]: <info>  [1547268970.1572] device (enp0s3): link connected
Jan 11 23:56:10 rui-VirtualBox kernel: [    8.811732] IPv6: ADDRCONF(NETDEV_CHANGE): enp0s3: link becomes ready
Jan 11 23:56:10 rui-VirtualBox whoopsie[1376]: [23:56:10] Could not get the Network Manager state:
Jan 11 23:56:10 rui-VirtualBox whoopsie[1376]: [23:56:10] GDBus.Error:org.freedesktop.DBus.Error.InvalidArgs: No such property 'state'
Jan 11 23:56:10 rui-VirtualBox NetworkManager[1476]: <info>  [1547268970.1796] devices added (path: /sys/devices/virtual/net/lo, iface: lo)
Jan 11 23:56:10 rui-VirtualBox NetworkManager[1476]: <info>  [1547268970.1800] device added (path: /sys/devices/virtual/net/lo, iface: lo): no ifupdown configuration found.
Jan 11 23:56:10 rui-VirtualBox NetworkManager[1476]: <info>  [1547268970.1958] urfkill disappeared from the bus
Jan 11 23:56:10 rui-VirtualBox systemd[1]: Started Update UTMP about System Runlevel Changes.
Jan 11 23:56:10 rui-VirtualBox systemd[1]: Startup finished in 4.492s (kernel) + 4.185s (userspace) = 8.677s.
Jan 11 23:56:10 rui-VirtualBox NetworkManager[1476]: <info>  [1547268970.2514] ModemManager available in the bus
Jan 11 23:56:10 rui-VirtualBox NetworkManager[1476]: <info>  [1547268970.2548] ofono is now available
Jan 11 23:56:10 rui-VirtualBox NetworkManager[1476]: <warn>  [1547268970.2621] failed to enumerate oFono devices: GDBus.Error:org.freedesktop.DBus.Error.ServiceUnknown: The name org.ofono was not provided by any .service files
Jan 11 23:56:10 rui-VirtualBox NetworkManager[1476]: <info>  [1547268970.2645] device (enp0s3): state change: unavailable -> disconnected (reason 'none') [20 30 0]
Jan 11 23:56:10 rui-VirtualBox NetworkManager[1476]: <info>  [1547268970.2785] policy: auto-activating connection 'Wired connection 1'
Jan 11 23:56:10 rui-VirtualBox NetworkManager[1476]: <info>  [1547268970.2912] device (enp0s3): Activation: starting connection 'Wired connection 1' (7b7b4539-bce2-488e-acff-a35938367322)
Jan 11 23:56:10 rui-VirtualBox NetworkManager[1476]: <info>  [1547268970.2933] device (enp0s3): state change: disconnected -> prepare (reason 'none') [30 40 0]
Jan 11 23:56:10 rui-VirtualBox NetworkManager[1476]: <info>  [1547268970.2947] manager: NetworkManager state is now CONNECTING
Jan 11 23:56:10 rui-VirtualBox whoopsie[1376]: [23:56:10] offline
Jan 11 23:56:10 rui-VirtualBox systemd-udevd[604]: Process 'console-setup-tty /dev/tty1' failed with exit code 71.
Jan 11 23:56:10 rui-VirtualBox NetworkManager[1476]: <info>  [1547268970.3028] device (enp0s3): state change: prepare -> config (reason 'none') [40 50 0]
Jan 11 23:56:10 rui-VirtualBox NetworkManager[1476]: <info>  [1547268970.3173] device (enp0s3): state change: config -> ip-config (reason 'none') [50 70 0]
Jan 11 23:56:10 rui-VirtualBox NetworkManager[1476]: <info>  [1547268970.3190] dhcp4 (enp0s3): activation: beginning transaction (timeout in 45 seconds)
Jan 11 23:56:10 rui-VirtualBox NetworkManager[1476]: <info>  [1547268970.3299] dhcp4 (enp0s3): dhclient started with pid 1705
Jan 11 23:56:10 rui-VirtualBox dhclient[1705]: DHCPDISCOVER on enp0s3 to 255.255.255.255 port 67 interval 3 (xid=0xef50154)
Jan 11 23:56:10 rui-VirtualBox dhclient[1705]: DHCPREQUEST of 10.0.2.15 on enp0s3 to 255.255.255.255 port 67 (xid=0x5401f50e)
Jan 11 23:56:10 rui-VirtualBox dhclient[1705]: DHCPOFFER of 10.0.2.15 from 10.0.2.2
Jan 11 23:56:10 rui-VirtualBox dhclient[1705]: DHCPACK of 10.0.2.15 from 10.0.2.2
Jan 11 23:56:10 rui-VirtualBox NetworkManager[1476]: <info>  [1547268970.3915]   address 10.0.2.15
Jan 11 23:56:10 rui-VirtualBox NetworkManager[1476]: <info>  [1547268970.3963]   plen 24 (255.255.255.0)
Jan 11 23:56:10 rui-VirtualBox NetworkManager[1476]: <info>  [1547268970.3966]   gateway 10.0.2.2
Jan 11 23:56:10 rui-VirtualBox NetworkManager[1476]: <info>  [1547268970.3968]   server identifier 10.0.2.2
Jan 11 23:56:10 rui-VirtualBox NetworkManager[1476]: <info>  [1547268970.3970]   lease time 86400
Jan 11 23:56:10 rui-VirtualBox NetworkManager[1476]: <info>  [1547268970.3972]   nameserver '192.168.1.1'
Jan 11 23:56:10 rui-VirtualBox NetworkManager[1476]: <info>  [1547268970.3974]   domain name 'home'
Jan 11 23:56:10 rui-VirtualBox NetworkManager[1476]: <info>  [1547268970.3977] dhcp4 (enp0s3): state changed unknown -> bound
Jan 11 23:56:10 rui-VirtualBox avahi-daemon[1480]: Joining mDNS multicast group on interface enp0s3.IPv4 with address 10.0.2.15.
Jan 11 23:56:10 rui-VirtualBox avahi-daemon[1480]: New relevant interface enp0s3.IPv4 for mDNS.
Jan 11 23:56:10 rui-VirtualBox avahi-daemon[1480]: Registering new address record for 10.0.2.15 on enp0s3.IPv4.
Jan 11 23:56:10 rui-VirtualBox NetworkManager[1476]: <info>  [1547268970.4032] device (enp0s3): state change: ip-config -> ip-check (reason 'none') [70 80 0]
Jan 11 23:56:10 rui-VirtualBox whoopsie[1376]: [23:56:10] Cannot reach: https://daisy.ubuntu.com
Jan 11 23:56:10 rui-VirtualBox NetworkManager[1476]: <info>  [1547268970.4235] device (enp0s3): state change: ip-check -> secondaries (reason 'none') [80 90 0]
Jan 11 23:56:10 rui-VirtualBox dhclient[1705]: bound to 10.0.2.15 -- renewal in 33257 seconds.
Jan 11 23:56:10 rui-VirtualBox NetworkManager[1476]: <info>  [1547268970.4283] device (enp0s3): state change: secondaries -> activated (reason 'none') [90 100 0]
Jan 11 23:56:10 rui-VirtualBox NetworkManager[1476]: <info>  [1547268970.4289] manager: NetworkManager state is now CONNECTED_LOCAL
Jan 11 23:56:10 rui-VirtualBox NetworkManager[1476]: <info>  [1547268970.4300] manager: NetworkManager state is now CONNECTED_GLOBAL
Jan 11 23:56:10 rui-VirtualBox NetworkManager[1476]: <info>  [1547268970.4333] policy: set 'Wired connection 1' (enp0s3) as default for IPv4 routing and DNS
Jan 11 23:56:10 rui-VirtualBox NetworkManager[1476]: <info>  [1547268970.4349] DNS: starting dnsmasq...
Jan 11 23:56:10 rui-VirtualBox NetworkManager[1476]: <warn>  [1547268970.4461] dnsmasq[0x86207d0]: dnsmasq not found on the bus. The nameserver update will be sent when dnsmasq appears
Jan 11 23:56:10 rui-VirtualBox NetworkManager[1476]: <info>  [1547268970.4468] dns-mgr: Writing DNS information to /sbin/resolvconf
Jan 11 23:56:10 rui-VirtualBox dnsmasq[1732]: started, version 2.75 cache disabled
Jan 11 23:56:10 rui-VirtualBox dnsmasq[1732]: compile time options: IPv6 GNU-getopt DBus i18n IDN DHCP DHCPv6 no-Lua TFTP conntrack ipset auth DNSSEC loop-detect inotify
Jan 11 23:56:10 rui-VirtualBox dnsmasq[1732]: DBus support enabled: connected to system bus
Jan 11 23:56:10 rui-VirtualBox dnsmasq[1732]: warning: no upstream servers configured
Jan 11 23:56:10 rui-VirtualBox systemd[1]: Created slice User Slice of lightdm.
Jan 11 23:56:10 rui-VirtualBox systemd[1]: Started Session c1 of user lightdm.
Jan 11 23:56:10 rui-VirtualBox systemd[1]: Starting User Manager for UID 108...
Jan 11 23:56:10 rui-VirtualBox systemd[1846]: Reached target Paths.
Jan 11 23:56:10 rui-VirtualBox systemd[1846]: Reached target Timers.
Jan 11 23:56:10 rui-VirtualBox systemd[1846]: Reached target Sockets.
Jan 11 23:56:10 rui-VirtualBox systemd[1846]: Reached target Basic System.
Jan 11 23:56:10 rui-VirtualBox systemd[1846]: Reached target Default.
Jan 11 23:56:10 rui-VirtualBox systemd[1846]: Startup finished in 87ms.
Jan 11 23:56:10 rui-VirtualBox systemd[1]: Started User Manager for UID 108.
Jan 11 23:56:10 rui-VirtualBox NetworkManager[1476]: <info>  [1547268970.9513] device (enp0s3): Activation: successful, device activated.
Jan 11 23:56:10 rui-VirtualBox nm-dispatcher: req:2 'up' [enp0s3]: new request (1 scripts)
Jan 11 23:56:10 rui-VirtualBox nm-dispatcher: req:2 'up' [enp0s3]: start running ordered scripts...
Jan 11 23:56:10 rui-VirtualBox whoopsie[1376]: [23:56:10] The default IPv4 route is: /org/freedesktop/NetworkManager/ActiveConnection/0
Jan 11 23:56:10 rui-VirtualBox NetworkManager[1476]: <info>  [1547268970.9978] dnsmasq[0x86207d0]: dnsmasq appeared as :1.17
Jan 11 23:56:10 rui-VirtualBox dnsmasq[1732]: setting upstream servers from DBus
Jan 11 23:56:11 rui-VirtualBox dnsmasq[1732]: using nameserver 192.168.1.1#53
Jan 11 23:56:11 rui-VirtualBox NetworkManager[1476]: <info>  [1547268971.0009] dns-mgr: Writing DNS information to /sbin/resolvconf
Jan 11 23:56:11 rui-VirtualBox whoopsie[1376]: [23:56:11] Not a paid data plan: /org/freedesktop/NetworkManager/ActiveConnection/0
Jan 11 23:56:11 rui-VirtualBox whoopsie[1376]: [23:56:11] Found usable connection: /org/freedesktop/NetworkManager/ActiveConnection/0
Jan 11 23:56:11 rui-VirtualBox whoopsie[1376]: [23:56:11] online
Jan 11 23:56:11 rui-VirtualBox org.a11y.atspi.Registry[1986]: SpiRegistry daemon is running with well-known name - org.a11y.atspi.Registry
Jan 11 23:56:11 rui-VirtualBox kernel: [   10.169902] floppy0: no floppy controllers found
Jan 11 23:56:11 rui-VirtualBox avahi-daemon[1480]: Joining mDNS multicast group on interface enp0s3.IPv6 with address fe80::3457:125f:d63e:14ec.
Jan 11 23:56:11 rui-VirtualBox avahi-daemon[1480]: New relevant interface enp0s3.IPv6 for mDNS.
Jan 11 23:56:11 rui-VirtualBox avahi-daemon[1480]: Registering new address record for fe80::3457:125f:d63e:14ec on enp0s3.*.
Jan 11 23:56:12 rui-VirtualBox ModemManager[1385]: <info>  Couldn't find support for device at '/sys/devices/pci0000:00/0000:00:03.0': not supported by any plugin
Jan 11 23:56:12 rui-VirtualBox kernel: [   11.290400] snd_intel8x0 0000:00:05.0: white list rate for 1028:0177 is 48000
Jan 11 23:56:12 rui-VirtualBox systemd[1]: Reached target Sound Card.
Jan 11 23:56:12 rui-VirtualBox systemd-udevd[611]: Process '/usr/sbin/alsactl -E HOME=/run/alsa restore 0' failed with exit code 99.
Jan 11 23:56:12 rui-VirtualBox dbus[1447]: [system] Activating via systemd: service name='org.bluez' unit='dbus-org.bluez.service'
Jan 11 23:56:13 rui-VirtualBox dbus[1447]: [system] Activating via systemd: service name='org.freedesktop.RealtimeKit1' unit='rtkit-daemon.service'
Jan 11 23:56:13 rui-VirtualBox systemd[1]: Starting RealtimeKit Scheduling Policy Service...
Jan 11 23:56:13 rui-VirtualBox dbus[1447]: [system] Successfully activated service 'org.freedesktop.RealtimeKit1'
Jan 11 23:56:13 rui-VirtualBox rtkit-daemon[2154]: Successfully called chroot.
Jan 11 23:56:13 rui-VirtualBox rtkit-daemon[2154]: Successfully dropped privileges.
Jan 11 23:56:13 rui-VirtualBox rtkit-daemon[2154]: Successfully limited resources.
Jan 11 23:56:13 rui-VirtualBox rtkit-daemon[2154]: Running.
Jan 11 23:56:13 rui-VirtualBox rtkit-daemon[2154]: Watchdog thread running.
Jan 11 23:56:13 rui-VirtualBox rtkit-daemon[2154]: Canary thread running.
Jan 11 23:56:13 rui-VirtualBox systemd[1]: Started RealtimeKit Scheduling Policy Service.
Jan 11 23:56:13 rui-VirtualBox rtkit-daemon[2154]: Successfully made thread 2153 of process 2153 (n/a) owned by '108' high priority at nice level -11.
Jan 11 23:56:13 rui-VirtualBox rtkit-daemon[2154]: Supervising 1 threads of 1 processes of 1 users.
Jan 11 23:56:13 rui-VirtualBox org.gnome.ScreenSaver[1895]: ** (gnome-screensaver:2140): WARNING **: Couldn't get presence status: No such interface 'org.freedesktop.DBus.Properties' on object at path /org/gnome/SessionManager/Presence
Jan 11 23:56:13 rui-VirtualBox org.gnome.ScreenSaver[1895]: ** (gnome-screensaver:2140): WARNING **: screensaver already running in this session
Jan 11 23:56:13 rui-VirtualBox pulseaudio[2153]: [pulseaudio] alsa-util.c: Disabling timer-based scheduling because running inside a VM.
Jan 11 23:56:13 rui-VirtualBox pulseaudio[2153]: [pulseaudio] sink.c: Default and alternate sample rates are the same.
Jan 11 23:56:13 rui-VirtualBox rtkit-daemon[2154]: Supervising 1 threads of 1 processes of 1 users.
Jan 11 23:56:13 rui-VirtualBox rtkit-daemon[2154]: Successfully made thread 2173 of process 2153 (n/a) owned by '108' RT at priority 5.
Jan 11 23:56:13 rui-VirtualBox rtkit-daemon[2154]: Supervising 2 threads of 1 processes of 1 users.
Jan 11 23:56:13 rui-VirtualBox pulseaudio[2153]: [pulseaudio] alsa-util.c: Disabling timer-based scheduling because running inside a VM.
Jan 11 23:56:13 rui-VirtualBox rtkit-daemon[2154]: Supervising 2 threads of 1 processes of 1 users.
Jan 11 23:56:13 rui-VirtualBox rtkit-daemon[2154]: Successfully made thread 2174 of process 2153 (n/a) owned by '108' RT at priority 5.
Jan 11 23:56:13 rui-VirtualBox rtkit-daemon[2154]: Supervising 3 threads of 1 processes of 1 users.
Jan 11 23:56:13 rui-VirtualBox pulseaudio[2153]: [pulseaudio] authkey.c: Failed to open cookie file '/var/lib/lightdm/.config/pulse/cookie': No such file or directory
Jan 11 23:56:13 rui-VirtualBox pulseaudio[2153]: [pulseaudio] authkey.c: Failed to load authentication key '/var/lib/lightdm/.config/pulse/cookie': No such file or directory
Jan 11 23:56:13 rui-VirtualBox pulseaudio[2153]: [pulseaudio] authkey.c: Failed to open cookie file '/var/lib/lightdm/.pulse-cookie': No such file or directory
Jan 11 23:56:13 rui-VirtualBox pulseaudio[2153]: [pulseaudio] authkey.c: Failed to load authentication key '/var/lib/lightdm/.pulse-cookie': No such file or directory
Jan 11 23:56:14 rui-VirtualBox dbus[1447]: [system] Activating via systemd: service name='org.freedesktop.UPower' unit='upower.service'
Jan 11 23:56:14 rui-VirtualBox systemd[1]: Starting Daemon for power management...
Jan 11 23:56:14 rui-VirtualBox dbus[1447]: [system] Successfully activated service 'org.freedesktop.UPower'
Jan 11 23:56:14 rui-VirtualBox systemd[1]: Started Daemon for power management.
Jan 11 23:56:15 rui-VirtualBox NetworkManager[1476]: <info>  [1547268975.5378] manager: startup complete
Jan 11 23:56:15 rui-VirtualBox dbus[1447]: [system] Activating via systemd: service name='org.freedesktop.ColorManager' unit='colord.service'
Jan 11 23:56:15 rui-VirtualBox systemd[1]: Starting Manage, Install and Generate Color Profiles...
Jan 11 23:56:15 rui-VirtualBox dbus[1447]: [system] Successfully activated service 'org.freedesktop.ColorManager'
Jan 11 23:56:15 rui-VirtualBox systemd[1]: Started Manage, Install and Generate Color Profiles.
Jan 11 23:56:17 rui-VirtualBox pulseaudio[2153]: [alsa-sink-Intel ICH] alsa-sink.c: ALSA woke us up to write new data to the device, but there was actually nothing to write.
Jan 11 23:56:17 rui-VirtualBox pulseaudio[2153]: [alsa-sink-Intel ICH] alsa-sink.c: Most likely this is a bug in the ALSA driver 'snd_intel8x0'. Please report this issue to the ALSA developers.
Jan 11 23:56:17 rui-VirtualBox pulseaudio[2153]: [alsa-sink-Intel ICH] alsa-sink.c: We were woken up with POLLOUT set -- however a subsequent snd_pcm_avail() returned 0 or another value < min_avail.
Jan 11 23:56:17 rui-VirtualBox org.gtk.vfs.Daemon[1895]: A connection to the bus can't be made
Jan 11 23:56:17 rui-VirtualBox systemd[1]: Created slice User Slice of rui.
Jan 11 23:56:17 rui-VirtualBox systemd[1]: Starting User Manager for UID 1000...
Jan 11 23:56:17 rui-VirtualBox systemd[1]: Started Session c2 of user rui.
Jan 11 23:56:17 rui-VirtualBox systemd[2219]: Reached target Paths.
Jan 11 23:56:17 rui-VirtualBox systemd[2219]: Reached target Timers.
Jan 11 23:56:17 rui-VirtualBox systemd[2219]: Reached target Sockets.
Jan 11 23:56:17 rui-VirtualBox systemd[2219]: Reached target Basic System.
Jan 11 23:56:17 rui-VirtualBox systemd[2219]: Reached target Default.
Jan 11 23:56:17 rui-VirtualBox systemd[2219]: Startup finished in 114ms.
Jan 11 23:56:17 rui-VirtualBox systemd[1]: Started User Manager for UID 1000.
Jan 11 23:56:18 rui-VirtualBox org.ayatana.bamf[2317]: bamfdaemon start/running, process 2366
Jan 11 23:56:18 rui-VirtualBox org.a11y.Bus[2317]: ** (process:2401): WARNING **: Failed to register client: GDBus.Error:org.freedesktop.DBus.Error.ServiceUnknown: The name org.gnome.SessionManager was not provided by any .service files
Jan 11 23:56:18 rui-VirtualBox org.a11y.Bus[2317]: Activating service name='org.a11y.atspi.Registry'
Jan 11 23:56:18 rui-VirtualBox org.a11y.Bus[2317]: Successfully activated service 'org.a11y.atspi.Registry'
Jan 11 23:56:18 rui-VirtualBox org.a11y.atspi.Registry[2415]: SpiRegistry daemon is running with well-known name - org.a11y.atspi.Registry
Jan 11 23:56:19 rui-VirtualBox NetworkManager[1476]: <info>  [1547268979.5399] WiFi hardware radio set enabled
Jan 11 23:56:19 rui-VirtualBox NetworkManager[1476]: <info>  [1547268979.5402] WWAN hardware radio set enabled
Jan 11 23:56:23 rui-VirtualBox gnome-session[2528]: gnome-session-is-accelerated: llvmpipe detected.
Jan 11 23:56:23 rui-VirtualBox rtkit-daemon[2154]: Successfully made thread 2614 of process 2614 (n/a) owned by '1000' high priority at nice level -11.
Jan 11 23:56:23 rui-VirtualBox rtkit-daemon[2154]: Supervising 4 threads of 2 processes of 2 users.
Jan 11 23:56:24 rui-VirtualBox pulseaudio[2614]: [pulseaudio] alsa-util.c: Disabling timer-based scheduling because running inside a VM.
Jan 11 23:56:24 rui-VirtualBox pulseaudio[2614]: [pulseaudio] sink.c: Default and alternate sample rates are the same.
Jan 11 23:56:24 rui-VirtualBox rtkit-daemon[2154]: Supervising 4 threads of 2 processes of 2 users.
Jan 11 23:56:24 rui-VirtualBox rtkit-daemon[2154]: Successfully made thread 2633 of process 2614 (n/a) owned by '1000' RT at priority 5.
Jan 11 23:56:24 rui-VirtualBox rtkit-daemon[2154]: Supervising 5 threads of 2 processes of 2 users.
Jan 11 23:56:24 rui-VirtualBox pulseaudio[2614]: [pulseaudio] alsa-util.c: Disabling timer-based scheduling because running inside a VM.
Jan 11 23:56:24 rui-VirtualBox rtkit-daemon[2154]: Supervising 5 threads of 2 processes of 2 users.
Jan 11 23:56:24 rui-VirtualBox rtkit-daemon[2154]: Successfully made thread 2634 of process 2614 (n/a) owned by '1000' RT at priority 5.
Jan 11 23:56:24 rui-VirtualBox rtkit-daemon[2154]: Supervising 6 threads of 2 processes of 2 users.
Jan 11 23:56:24 rui-VirtualBox pulseaudio[2614]: [pulseaudio] authkey.c: Failed to open cookie file '/home/rui/.config/pulse/cookie': No such file or directory
Jan 11 23:56:24 rui-VirtualBox pulseaudio[2614]: [pulseaudio] authkey.c: Failed to load authentication key '/home/rui/.config/pulse/cookie': No such file or directory
Jan 11 23:56:24 rui-VirtualBox pulseaudio[2614]: [pulseaudio] authkey.c: Failed to open cookie file '/home/rui/.pulse-cookie': No such file or directory
Jan 11 23:56:24 rui-VirtualBox pulseaudio[2614]: [pulseaudio] authkey.c: Failed to load authentication key '/home/rui/.pulse-cookie': No such file or directory
Jan 11 23:56:24 rui-VirtualBox rtkit-daemon[2154]: Successfully made thread 2637 of process 2637 (n/a) owned by '1000' high priority at nice level -11.
Jan 11 23:56:24 rui-VirtualBox rtkit-daemon[2154]: Supervising 7 threads of 3 processes of 2 users.
Jan 11 23:56:24 rui-VirtualBox pulseaudio[2637]: [pulseaudio] pid.c: Daemon already running.
Jan 11 23:56:25 rui-VirtualBox dbus[1447]: [system] Activating via systemd: service name='org.freedesktop.locale1' unit='dbus-org.freedesktop.locale1.service'
Jan 11 23:56:25 rui-VirtualBox systemd[1]: Starting Locale Service...
Jan 11 23:56:25 rui-VirtualBox dbus[1447]: [system] Successfully activated service 'org.freedesktop.locale1'
Jan 11 23:56:25 rui-VirtualBox systemd[1]: Started Locale Service.
